Archive member included to satisfy reference by file (symbol)

/usr/lib/gcc/arm-none-eabi/4.9.3/../../../arm-none-eabi/lib/armv7-m/libc_nano.a(lib_a-atexit.o)
                              /usr/lib/gcc/arm-none-eabi/4.9.3/../../../arm-none-eabi/lib/armv7-m/crt0.o (atexit)
/usr/lib/gcc/arm-none-eabi/4.9.3/../../../arm-none-eabi/lib/armv7-m/libc_nano.a(lib_a-exit.o)
                              /usr/lib/gcc/arm-none-eabi/4.9.3/../../../arm-none-eabi/lib/armv7-m/crt0.o (exit)
/usr/lib/gcc/arm-none-eabi/4.9.3/../../../arm-none-eabi/lib/armv7-m/libc_nano.a(lib_a-fini.o)
                              /usr/lib/gcc/arm-none-eabi/4.9.3/../../../arm-none-eabi/lib/armv7-m/crt0.o (__libc_fini_array)
/usr/lib/gcc/arm-none-eabi/4.9.3/../../../arm-none-eabi/lib/armv7-m/libc_nano.a(lib_a-impure.o)
                              /usr/lib/gcc/arm-none-eabi/4.9.3/../../../arm-none-eabi/lib/armv7-m/libc_nano.a(lib_a-exit.o) (_global_impure_ptr)
/usr/lib/gcc/arm-none-eabi/4.9.3/../../../arm-none-eabi/lib/armv7-m/libc_nano.a(lib_a-init.o)
                              /usr/lib/gcc/arm-none-eabi/4.9.3/../../../arm-none-eabi/lib/armv7-m/crt0.o (__libc_init_array)
/usr/lib/gcc/arm-none-eabi/4.9.3/../../../arm-none-eabi/lib/armv7-m/libc_nano.a(lib_a-memset.o)
                              /usr/lib/gcc/arm-none-eabi/4.9.3/../../../arm-none-eabi/lib/armv7-m/crt0.o (memset)
/usr/lib/gcc/arm-none-eabi/4.9.3/../../../arm-none-eabi/lib/armv7-m/libc_nano.a(lib_a-sprintf.o)
                              build/main.o (sprintf)
/usr/lib/gcc/arm-none-eabi/4.9.3/../../../arm-none-eabi/lib/armv7-m/libc_nano.a(lib_a-strlen.o)
                              build/uart.o (strlen)
/usr/lib/gcc/arm-none-eabi/4.9.3/../../../arm-none-eabi/lib/armv7-m/libc_nano.a(lib_a-__atexit.o)
                              /usr/lib/gcc/arm-none-eabi/4.9.3/../../../arm-none-eabi/lib/armv7-m/libc_nano.a(lib_a-atexit.o) (__register_exitproc)
/usr/lib/gcc/arm-none-eabi/4.9.3/../../../arm-none-eabi/lib/armv7-m/libc_nano.a(lib_a-__call_atexit.o)
                              /usr/lib/gcc/arm-none-eabi/4.9.3/../../../arm-none-eabi/lib/armv7-m/libc_nano.a(lib_a-__atexit.o) (__call_exitprocs)
/usr/lib/gcc/arm-none-eabi/4.9.3/../../../arm-none-eabi/lib/armv7-m/libc_nano.a(lib_a-nano-svfprintf.o)
                              /usr/lib/gcc/arm-none-eabi/4.9.3/../../../arm-none-eabi/lib/armv7-m/libc_nano.a(lib_a-sprintf.o) (_svfprintf_r)
/usr/lib/gcc/arm-none-eabi/4.9.3/../../../arm-none-eabi/lib/armv7-m/libc_nano.a(lib_a-nano-vfprintf_i.o)
                              /usr/lib/gcc/arm-none-eabi/4.9.3/../../../arm-none-eabi/lib/armv7-m/libc_nano.a(lib_a-nano-svfprintf.o) (_printf_i)
/usr/lib/gcc/arm-none-eabi/4.9.3/../../../arm-none-eabi/lib/armv7-m/libc_nano.a(lib_a-memchr.o)
                              /usr/lib/gcc/arm-none-eabi/4.9.3/../../../arm-none-eabi/lib/armv7-m/libc_nano.a(lib_a-nano-svfprintf.o) (memchr)
/usr/lib/gcc/arm-none-eabi/4.9.3/../../../arm-none-eabi/lib/armv7-m/libc_nano.a(lib_a-memcpy.o)
                              /usr/lib/gcc/arm-none-eabi/4.9.3/../../../arm-none-eabi/lib/armv7-m/libc_nano.a(lib_a-nano-svfprintf.o) (memcpy)
/usr/lib/gcc/arm-none-eabi/4.9.3/../../../arm-none-eabi/lib/armv7-m/libc_nano.a(lib_a-memmove.o)
                              /usr/lib/gcc/arm-none-eabi/4.9.3/../../../arm-none-eabi/lib/armv7-m/libc_nano.a(lib_a-nano-svfprintf.o) (memmove)
/usr/lib/gcc/arm-none-eabi/4.9.3/../../../arm-none-eabi/lib/armv7-m/libc_nano.a(lib_a-nano-freer.o)
                              /usr/lib/gcc/arm-none-eabi/4.9.3/../../../arm-none-eabi/lib/armv7-m/libc_nano.a(lib_a-nano-svfprintf.o) (_free_r)
/usr/lib/gcc/arm-none-eabi/4.9.3/../../../arm-none-eabi/lib/armv7-m/libc_nano.a(lib_a-nano-mallocr.o)
                              /usr/lib/gcc/arm-none-eabi/4.9.3/../../../arm-none-eabi/lib/armv7-m/libc_nano.a(lib_a-nano-svfprintf.o) (_malloc_r)
/usr/lib/gcc/arm-none-eabi/4.9.3/../../../arm-none-eabi/lib/armv7-m/libc_nano.a(lib_a-nano-reallocr.o)
                              /usr/lib/gcc/arm-none-eabi/4.9.3/../../../arm-none-eabi/lib/armv7-m/libc_nano.a(lib_a-nano-svfprintf.o) (_realloc_r)
/usr/lib/gcc/arm-none-eabi/4.9.3/../../../arm-none-eabi/lib/armv7-m/libc_nano.a(lib_a-sbrkr.o)
                              /usr/lib/gcc/arm-none-eabi/4.9.3/../../../arm-none-eabi/lib/armv7-m/libc_nano.a(lib_a-nano-mallocr.o) (_sbrk_r)
/usr/lib/gcc/arm-none-eabi/4.9.3/../../../arm-none-eabi/lib/armv7-m/libc_nano.a(lib_a-nano-msizer.o)
                              /usr/lib/gcc/arm-none-eabi/4.9.3/../../../arm-none-eabi/lib/armv7-m/libc_nano.a(lib_a-nano-reallocr.o) (_malloc_usable_size_r)
/usr/lib/gcc/arm-none-eabi/4.9.3/../../../arm-none-eabi/lib/armv7-m/libc_nano.a(lib_a-reent.o)
                              /usr/lib/gcc/arm-none-eabi/4.9.3/../../../arm-none-eabi/lib/armv7-m/libc_nano.a(lib_a-sbrkr.o) (errno)
/usr/lib/gcc/arm-none-eabi/4.9.3/../../../arm-none-eabi/lib/armv7-m/libnosys.a(sbrk.o)
[...]
Memory Configuration

Name             Origin             Length             Attributes
RAM              0x0000000020000000 0x000000000000c000 xrw
FLASH            0x0000000008000000 0x0000000000040000 xr
*default*        0x0000000000000000 0xffffffffffffffff

Linker script and memory map

LOAD /usr/lib/gcc/arm-none-eabi/4.9.3/armv7-m/crti.o
LOAD /usr/lib/gcc/arm-none-eabi/4.9.3/armv7-m/crtbegin.o
LOAD /usr/lib/gcc/arm-none-eabi/4.9.3/../../../arm-none-eabi/lib/armv7-m/crt0.o
LOAD build/stm32f1xx_hal_adc.o
LOAD build/stm32f1xx_hal_tim_ex.o
LOAD build/stm32f1xx_hal_cortex.o
LOAD build/stm32f1xx_hal_gpio.o
LOAD build/system_stm32f1xx.o
LOAD build/stm32f1xx_hal_tim.o
LOAD build/stm32f1xx_hal_adc_ex.o
LOAD build/stm32f1xx_it.o
LOAD build/stm32f1xx_hal_rcc.o
LOAD build/stm32f1xx_hal_dma.o
LOAD build/stm32f1xx_hal_uart.o
LOAD build/stm32f1xx_hal.o
LOAD build/stm32f1xx_hal_pwr.o
LOAD build/stm32f1xx_hal_i2c.o
LOAD build/stm32f1xx_hal_rcc_ex.o
LOAD build/stm32f1xx_hal_gpio_ex.o
LOAD build/stm32f1xx_hal_flash_ex.o
LOAD build/stm32f1xx_hal_flash.o
LOAD build/stm32f1xx_hal_iwdg.o
LOAD build/ADC_L.o
LOAD build/ADC_R.o
LOAD build/pid.o
LOAD build/motor_L.o
LOAD build/motor_R.o
LOAD build/uart.o
LOAD build/varie.o
LOAD build/telemetry.o
LOAD build/i2c.o
LOAD build/delay.o
LOAD build/application.o
LOAD build/main.o
LOAD build/stm32f1xx_hal_msp.o
LOAD build/startup_stm32f103xe.o
LOAD /usr/lib/gcc/arm-none-eabi/4.9.3/../../../arm-none-eabi/lib/armv7-m/libc_nano.a
LOAD /usr/lib/gcc/arm-none-eabi/4.9.3/../../../arm-none-eabi/lib/armv7-m/libm.a
LOAD /usr/lib/gcc/arm-none-eabi/4.9.3/../../../arm-none-eabi/lib/armv7-m/libnosys.a
START GROUP
LOAD /usr/lib/gcc/arm-none-eabi/4.9.3/armv7-m/libgcc.a
LOAD /usr/lib/gcc/arm-none-eabi/4.9.3/../../../arm-none-eabi/lib/armv7-m/libc_nano.a
END GROUP
START GROUP
LOAD /usr/lib/gcc/arm-none-eabi/4.9.3/armv7-m/libgcc.a
LOAD /usr/lib/gcc/arm-none-eabi/4.9.3/../../../arm-none-eabi/lib/armv7-m/libc_nano.a
END GROUP
LOAD /usr/lib/gcc/arm-none-eabi/4.9.3/armv7-m/crtend.o
LOAD /usr/lib/gcc/arm-none-eabi/4.9.3/armv7-m/crtn.o
                0x000000002000c000                _estack = 0x2000c000
                0x0000000000000200                _Min_Heap_Size = 0x200
                0x0000000000000400                _Min_Stack_Size = 0x400

.isr_vector     0x0000000008000000      0x1e4
                0x0000000008000000                . = ALIGN (0x4)
 *(.isr_vector)
 .isr_vector    0x0000000008000000      0x1e4 build/startup_stm32f103xe.o
                0x0000000008000000                g_pfnVectors
                0x00000000080001e4                . = ALIGN (0x4)

.text           0x00000000080001e8     0x5c5c
                0x00000000080001e8                . = ALIGN (0x4)
 *(.text)
 .text          0x00000000080001e8       0xa4 /usr/lib/gcc/arm-none-eabi/4.9.3/armv7-m/crtbegin.o
 .text          0x000000000800028c      0x370 /usr/lib/gcc/arm-none-eabi/4.9.3/armv7-m/libgcc.a(_arm_addsubdf3.o)
                0x000000000800028c                __aeabi_drsub
                0x0000000008000294                __aeabi_dsub
                0x0000000008000294                __subdf3
                0x0000000008000298                __adddf3
                0x0000000008000298                __aeabi_dadd
                0x0000000008000510                __aeabi_ui2d
                0x0000000008000510                __floatunsidf
                0x0000000008000530                __floatsidf
                0x0000000008000530                __aeabi_i2d
                0x0000000008000554                __extendsfdf2
                0x0000000008000554                __aeabi_f2d
                0x0000000008000590                __aeabi_ul2d
                0x0000000008000590                __floatundidf
                0x00000000080005a0                __floatdidf
                0x00000000080005a0                __aeabi_l2d
 .text          0x00000000080005fc      0x424 /usr/lib/gcc/arm-none-eabi/4.9.3/armv7-m/libgcc.a(_arm_muldivdf3.o)
                0x00000000080005fc                __aeabi_dmul
                0x00000000080005fc                __muldf3
                0x0000000008000850                __aeabi_ddiv
                0x0000000008000850                __divdf3
 .text          0x0000000008000a20      0x110 /usr/lib/gcc/arm-none-eabi/4.9.3/armv7-m/libgcc.a(_arm_cmpdf2.o)
                0x0000000008000a20                __gtdf2
                0x0000000008000a20                __gedf2
                0x0000000008000a28                __ltdf2
                0x0000000008000a28                __ledf2
                0x0000000008000a30                __cmpdf2
                0x0000000008000a30                __eqdf2
                0x0000000008000a30                __nedf2
                0x0000000008000aac                __aeabi_cdrcmple
                0x0000000008000abc                __aeabi_cdcmple
                0x0000000008000abc                __aeabi_cdcmpeq
                0x0000000008000acc                __aeabi_dcmpeq
                0x0000000008000ae0                __aeabi_dcmplt
                0x0000000008000af4                __aeabi_dcmple
                0x0000000008000b08                __aeabi_dcmpge
                0x0000000008000b1c                __aeabi_dcmpgt
 .text          0x0000000008000b30       0x40 /usr/lib/gcc/arm-none-eabi/4.9.3/armv7-m/libgcc.a(_arm_fixunsdfsi.o)
                0x0000000008000b30                __fixunsdfsi
                0x0000000008000b30                __aeabi_d2uiz
 .text          0x0000000008000b70       0xa0 /usr/lib/gcc/arm-none-eabi/4.9.3/armv7-m/libgcc.a(_arm_truncdfsf2.o)
                0x0000000008000b70                __aeabi_d2f
                0x0000000008000b70                __truncdfsf2
 .text          0x0000000008000c10      0x2a0 /usr/lib/gcc/arm-none-eabi/4.9.3/armv7-m/libgcc.a(_arm_muldivsf3.o)
                0x0000000008000c10                __mulsf3
                0x0000000008000c10                __aeabi_fmul
                0x0000000008000d78                __divsf3
                0x0000000008000d78                __aeabi_fdiv
 .text          0x0000000008000eb0       0xec /usr/lib/gcc/arm-none-eabi/4.9.3/armv7-m/libgcc.a(_arm_cmpsf2.o)
                0x0000000008000eb0                __gtsf2
                0x0000000008000eb0                __gesf2
                0x0000000008000eb8                __lesf2
                0x0000000008000eb8                __ltsf2
                0x0000000008000ec0                __nesf2
                0x0000000008000ec0                __eqsf2
                0x0000000008000ec0                __cmpsf2
                0x0000000008000f20                __aeabi_cfrcmple
                0x0000000008000f28                __aeabi_cfcmple
                0x0000000008000f28                __aeabi_cfcmpeq
                0x0000000008000f38                __aeabi_fcmpeq
                0x0000000008000f4c                __aeabi_fcmplt
                0x0000000008000f60                __aeabi_fcmple
                0x0000000008000f74                __aeabi_fcmpge
                0x0000000008000f88                __aeabi_fcmpgt
 .text          0x0000000008000f9c       0x4c /usr/lib/gcc/arm-none-eabi/4.9.3/armv7-m/libgcc.a(_arm_fixsfsi.o)
                0x0000000008000f9c                __fixsfsi
                0x0000000008000f9c                __aeabi_f2iz
 *(.text*)
 .text.ADC_DMAConvCplt
                0x0000000008000fe8       0x50 build/stm32f1xx_hal_adc.o
                0x0000000008000fe8                ADC_DMAConvCplt
 .text.HAL_ADC_ConvHalfCpltCallback
                0x0000000008001038        0x4 build/stm32f1xx_hal_adc.o
                0x0000000008001038                HAL_ADC_ConvHalfCpltCallback
 .text.ADC_DMAHalfConvCplt
                0x000000000800103c        0xc build/stm32f1xx_hal_adc.o
                0x000000000800103c                ADC_DMAHalfConvCplt
 .text.HAL_ADC_ErrorCallback
                0x0000000008001048        0x4 build/stm32f1xx_hal_adc.o
                0x0000000008001048                HAL_ADC_ErrorCallback
 .text.ADC_DMAError
                0x000000000800104c       0x1c build/stm32f1xx_hal_adc.o
                0x000000000800104c                ADC_DMAError
 .text.HAL_ADC_ConfigChannel
                0x0000000008001068      0x1a0 build/stm32f1xx_hal_adc.o
                0x0000000008001068                HAL_ADC_ConfigChannel
 .text.ADC_Enable
                0x0000000008001208       0x80 build/stm32f1xx_hal_adc.o
                0x0000000008001208                ADC_Enable
 .text.HAL_ADC_Start
                0x0000000008001288       0xf8 build/stm32f1xx_hal_adc.o
                0x0000000008001288                HAL_ADC_Start
 .text.HAL_ADC_Start_DMA
                0x0000000008001380      0x144 build/stm32f1xx_hal_adc.o
                0x0000000008001380                HAL_ADC_Start_DMA
 .text.ADC_ConversionStop_Disable
                0x00000000080014c4       0x50 build/stm32f1xx_hal_adc.o
                0x00000000080014c4                ADC_ConversionStop_Disable
 .text.HAL_ADC_Init
                0x0000000008001514      0x150 build/stm32f1xx_hal_adc.o
                0x0000000008001514                HAL_ADC_Init
 .text.HAL_TIMEx_ConfigBreakDeadTime
                0x0000000008001664       0x4c build/stm32f1xx_hal_tim_ex.o
                0x0000000008001664                HAL_TIMEx_ConfigBreakDeadTime
 .text.HAL_NVIC_SetPriorityGrouping
                0x00000000080016b0       0x24 build/stm32f1xx_hal_cortex.o
                0x00000000080016b0                HAL_NVIC_SetPriorityGrouping
 .text.HAL_NVIC_SetPriority
                0x00000000080016d4       0x64 build/stm32f1xx_hal_cortex.o
                0x00000000080016d4                HAL_NVIC_SetPriority
 .text.HAL_NVIC_EnableIRQ
                0x0000000008001738       0x18 build/stm32f1xx_hal_cortex.o
                0x0000000008001738                HAL_NVIC_EnableIRQ
 .text.HAL_NVIC_DisableIRQ
                0x0000000008001750       0x18 build/stm32f1xx_hal_cortex.o
                0x0000000008001750                HAL_NVIC_DisableIRQ
 .text.HAL_SYSTICK_Config
                0x0000000008001768       0x2c build/stm32f1xx_hal_cortex.o
                0x0000000008001768                HAL_SYSTICK_Config
 .text.HAL_SYSTICK_CLKSourceConfig
                0x0000000008001794       0x20 build/stm32f1xx_hal_cortex.o
                0x0000000008001794                HAL_SYSTICK_CLKSourceConfig
 .text.HAL_SYSTICK_Callback
                0x00000000080017b4        0x4 build/stm32f1xx_hal_cortex.o
                0x00000000080017b4                HAL_SYSTICK_Callback
 .text.HAL_SYSTICK_IRQHandler
                0x00000000080017b8        0x8 build/stm32f1xx_hal_cortex.o
                0x00000000080017b8                HAL_SYSTICK_IRQHandler
 .text.HAL_GPIO_Init
                0x00000000080017c0      0x1f4 build/stm32f1xx_hal_gpio.o
                0x00000000080017c0                HAL_GPIO_Init
 .text.HAL_GPIO_ReadPin
                0x00000000080019b4       0x10 build/stm32f1xx_hal_gpio.o
                0x00000000080019b4                HAL_GPIO_ReadPin
 .text.HAL_GPIO_WritePin
                0x00000000080019c4        0xc build/stm32f1xx_hal_gpio.o
                0x00000000080019c4                HAL_GPIO_WritePin
 .text.SystemInit
                0x00000000080019d0       0x4c build/system_stm32f1xx.o
                0x00000000080019d0                SystemInit
 .text.TIM_OC1_SetConfig
                0x0000000008001a1c       0x68 build/stm32f1xx_hal_tim.o
 .text.TIM_OC3_SetConfig
                0x0000000008001a84       0x70 build/stm32f1xx_hal_tim.o
 .text.TIM_OC4_SetConfig
                0x0000000008001af4       0x50 build/stm32f1xx_hal_tim.o
 .text.HAL_TIM_Base_MspInit
                0x0000000008001b44        0x4 build/stm32f1xx_hal_tim.o
                0x0000000008001b44                HAL_TIM_Base_MspInit
 .text.HAL_TIM_Base_Start
                0x0000000008001b48       0x1c build/stm32f1xx_hal_tim.o
                0x0000000008001b48                HAL_TIM_Base_Start
 .text.HAL_TIM_Base_Stop
                0x0000000008001b64       0x30 build/stm32f1xx_hal_tim.o
                0x0000000008001b64                HAL_TIM_Base_Stop
 .text.HAL_TIM_PWM_MspInit
                0x0000000008001b94        0x4 build/stm32f1xx_hal_tim.o
                0x0000000008001b94                HAL_TIM_PWM_MspInit
 .text.TIM_Base_SetConfig
                0x0000000008001b98       0x90 build/stm32f1xx_hal_tim.o
                0x0000000008001b98                TIM_Base_SetConfig
 .text.HAL_TIM_Base_Init
                0x0000000008001c28       0x38 build/stm32f1xx_hal_tim.o
                0x0000000008001c28                HAL_TIM_Base_Init
 .text.HAL_TIM_PWM_Init
                0x0000000008001c60       0x38 build/stm32f1xx_hal_tim.o
                0x0000000008001c60                HAL_TIM_PWM_Init
 .text.TIM_OC2_SetConfig
                0x0000000008001c98       0x70 build/stm32f1xx_hal_tim.o
                0x0000000008001c98                TIM_OC2_SetConfig
 .text.HAL_TIM_PWM_ConfigChannel
                0x0000000008001d08       0xdc build/stm32f1xx_hal_tim.o
                0x0000000008001d08                HAL_TIM_PWM_ConfigChannel
 .text.TIM_CCxChannelCmd
                0x0000000008001de4       0x1c build/stm32f1xx_hal_tim.o
                0x0000000008001de4                TIM_CCxChannelCmd
 .text.HAL_TIM_PWM_Start
                0x0000000008001e00       0x44 build/stm32f1xx_hal_tim.o
                0x0000000008001e00                HAL_TIM_PWM_Start
 .text.HAL_TIM_PWM_Start_IT
                0x0000000008001e44       0x88 build/stm32f1xx_hal_tim.o
                0x0000000008001e44                HAL_TIM_PWM_Start_IT
 .text.NMI_Handler
                0x0000000008001ecc        0x8 build/stm32f1xx_it.o
                0x0000000008001ecc                NMI_Handler
 .text.HardFault_Handler
                0x0000000008001ed4        0xc build/stm32f1xx_it.o
                0x0000000008001ed4                HardFault_Handler
 .text.MemManage_Handler
                0x0000000008001ee0        0xc build/stm32f1xx_it.o
                0x0000000008001ee0                MemManage_Handler
 .text.BusFault_Handler
                0x0000000008001eec        0xc build/stm32f1xx_it.o
                0x0000000008001eec                BusFault_Handler
 .text.UsageFault_Handler
                0x0000000008001ef8        0xc build/stm32f1xx_it.o
                0x0000000008001ef8                UsageFault_Handler
 .text.SVC_Handler
                0x0000000008001f04        0x8 build/stm32f1xx_it.o
                0x0000000008001f04                SVC_Handler
 .text.DebugMon_Handler
                0x0000000008001f0c        0x4 build/stm32f1xx_it.o
                0x0000000008001f0c                DebugMon_Handler
 .text.PendSV_Handler
                0x0000000008001f10        0x8 build/stm32f1xx_it.o
                0x0000000008001f10                PendSV_Handler
 .text.SysTick_Handler
                0x0000000008001f18        0xc build/stm32f1xx_it.o
                0x0000000008001f18                SysTick_Handler
 .text.I2C1_EV_IRQHandler
                0x0000000008001f24       0x10 build/stm32f1xx_it.o
                0x0000000008001f24                I2C1_EV_IRQHandler
 .text.I2C1_ER_IRQHandler
                0x0000000008001f34       0x10 build/stm32f1xx_it.o
                0x0000000008001f34                I2C1_ER_IRQHandler
 .text.DMA1_Channel4_IRQHandler
                0x0000000008001f44       0x10 build/stm32f1xx_it.o
                0x0000000008001f44                DMA1_Channel4_IRQHandler
 .text.DMA1_Channel5_IRQHandler
                0x0000000008001f54       0x10 build/stm32f1xx_it.o
                0x0000000008001f54                DMA1_Channel5_IRQHandler
 .text.DMA1_Channel6_IRQHandler
                0x0000000008001f64       0x10 build/stm32f1xx_it.o
                0x0000000008001f64                DMA1_Channel6_IRQHandler
 .text.DMA1_Channel7_IRQHandler
                0x0000000008001f74       0x10 build/stm32f1xx_it.o
                0x0000000008001f74                DMA1_Channel7_IRQHandler
 .text.I2C2_ER_IRQHandler
                0x0000000008001f84       0x10 build/stm32f1xx_it.o
                0x0000000008001f84                I2C2_ER_IRQHandler
 .text.EXTI15_10_IRQHandler
                0x0000000008001f94       0x40 build/stm32f1xx_it.o
                0x0000000008001f94                EXTI15_10_IRQHandler
 .text.EXTI9_5_IRQHandler
                0x0000000008001fd4       0x38 build/stm32f1xx_it.o
                0x0000000008001fd4                EXTI9_5_IRQHandler
 .text.TIM1_CC_IRQHandler
                0x000000000800200c       0x34 build/stm32f1xx_it.o
                0x000000000800200c                TIM1_CC_IRQHandler
 .text.TIM8_CC_IRQHandler
                0x0000000008002040       0x34 build/stm32f1xx_it.o
                0x0000000008002040                TIM8_CC_IRQHandler
 .text.DMA1_Channel1_IRQHandler
                0x0000000008002074       0x10 build/stm32f1xx_it.o
                0x0000000008002074                DMA1_Channel1_IRQHandler
 .text.DMA2_Channel4_5_IRQHandler
                0x0000000008002084       0x10 build/stm32f1xx_it.o
                0x0000000008002084                DMA2_Channel4_5_IRQHandler
 .text.TIM3_IRQHandler
                0x0000000008002094       0x10 build/stm32f1xx_it.o
                0x0000000008002094                TIM3_IRQHandler
 .text.HAL_RCC_OscConfig
                0x00000000080020a4      0x5e8 build/stm32f1xx_hal_rcc.o
                0x00000000080020a4                HAL_RCC_OscConfig
 .text.HAL_RCC_GetSysClockFreq
                0x000000000800268c       0x90 build/stm32f1xx_hal_rcc.o
                0x000000000800268c                HAL_RCC_GetSysClockFreq
 .text.HAL_RCC_ClockConfig
                0x000000000800271c      0x1e0 build/stm32f1xx_hal_rcc.o
                0x000000000800271c                HAL_RCC_ClockConfig
 .text.HAL_RCC_GetHCLKFreq
                0x00000000080028fc        0xc build/stm32f1xx_hal_rcc.o
                0x00000000080028fc                HAL_RCC_GetHCLKFreq
 .text.HAL_RCC_GetPCLK1Freq
                0x0000000008002908       0x2c build/stm32f1xx_hal_rcc.o
                0x0000000008002908                HAL_RCC_GetPCLK1Freq
 .text.HAL_RCC_GetPCLK2Freq
                0x0000000008002934       0x2c build/stm32f1xx_hal_rcc.o
                0x0000000008002934                HAL_RCC_GetPCLK2Freq
 .text.DMA_SetConfig
                0x0000000008002960       0x24 build/stm32f1xx_hal_dma.o
 .text.HAL_DMA_Init
                0x0000000008002984       0x58 build/stm32f1xx_hal_dma.o
                0x0000000008002984                HAL_DMA_Init
 .text.HAL_DMA_Start_IT
                0x00000000080029dc       0x58 build/stm32f1xx_hal_dma.o
                0x00000000080029dc                HAL_DMA_Start_IT
 .text.HAL_DMA_IRQHandler
                0x0000000008002a34      0x790 build/stm32f1xx_hal_dma.o
                0x0000000008002a34                HAL_DMA_IRQHandler
 .text.UART_SetConfig
                0x00000000080031c4      0x1b4 build/stm32f1xx_hal_uart.o
 .text.HAL_UART_Init
                0x0000000008003378       0x60 build/stm32f1xx_hal_uart.o
                0x0000000008003378                HAL_UART_Init
 .text.HAL_UART_Transmit_DMA
                0x00000000080033d8       0xa0 build/stm32f1xx_hal_uart.o
                0x00000000080033d8                HAL_UART_Transmit_DMA
 .text.HAL_UART_Receive_DMA
                0x0000000008003478       0x98 build/stm32f1xx_hal_uart.o
                0x0000000008003478                HAL_UART_Receive_DMA
 .text.UART_DMATransmitCplt
                0x0000000008003510       0x3c build/stm32f1xx_hal_uart.o
 .text.HAL_UART_TxHalfCpltCallback
                0x000000000800354c        0x4 build/stm32f1xx_hal_uart.o
                0x000000000800354c                HAL_UART_TxHalfCpltCallback
 .text.UART_DMATxHalfCplt
                0x0000000008003550        0xc build/stm32f1xx_hal_uart.o
 .text.UART_DMAReceiveCplt
                0x000000000800355c       0x3c build/stm32f1xx_hal_uart.o
 .text.HAL_UART_RxHalfCpltCallback
                0x0000000008003598        0x4 build/stm32f1xx_hal_uart.o
                0x0000000008003598                HAL_UART_RxHalfCpltCallback
 .text.UART_DMARxHalfCplt
                0x000000000800359c        0xc build/stm32f1xx_hal_uart.o
 .text.HAL_UART_ErrorCallback
                0x00000000080035a8        0x4 build/stm32f1xx_hal_uart.o
                0x00000000080035a8                HAL_UART_ErrorCallback
 .text.UART_DMAError
                0x00000000080035ac       0x20 build/stm32f1xx_hal_uart.o
 .text.HAL_InitTick
                0x00000000080035cc       0x28 build/stm32f1xx_hal.o
                0x00000000080035cc                HAL_InitTick
 .text.HAL_Init
                0x00000000080035f4       0x24 build/stm32f1xx_hal.o
                0x00000000080035f4                HAL_Init
 .text.HAL_IncTick
                0x0000000008003618       0x10 build/stm32f1xx_hal.o
                0x0000000008003618                HAL_IncTick
 .text.HAL_GetTick
                0x0000000008003628        0xc build/stm32f1xx_hal.o
                0x0000000008003628                HAL_GetTick
 .text.HAL_Delay
                0x0000000008003634       0x1c build/stm32f1xx_hal.o
                0x0000000008003634                HAL_Delay
 .text.I2C_MasterTransmit_TXE
                0x0000000008003650       0x2c build/stm32f1xx_hal_i2c.o
 .text.I2C_SlaveTransmit_TXE
                0x000000000800367c       0x20 build/stm32f1xx_hal_i2c.o
 .text.I2C_SlaveTransmit_BTF
                0x000000000800369c       0x20 build/stm32f1xx_hal_i2c.o
 .text.I2C_SlaveReceive_RXNE
                0x00000000080036bc       0x20 build/stm32f1xx_hal_i2c.o
 .text.I2C_SlaveReceive_BTF
                0x00000000080036dc       0x20 build/stm32f1xx_hal_i2c.o
 .text.I2C_Slave_ADDR
                0x00000000080036fc       0x14 build/stm32f1xx_hal_i2c.o
 .text.HAL_I2C_SlaveTxCpltCallback
                0x0000000008003710        0x4 build/stm32f1xx_hal_i2c.o
                0x0000000008003710                HAL_I2C_SlaveTxCpltCallback
 .text.I2C_Slave_AF
                0x0000000008003714       0x30 build/stm32f1xx_hal_i2c.o
 .text.HAL_I2C_SlaveRxCpltCallback
                0x0000000008003744        0x4 build/stm32f1xx_hal_i2c.o
                0x0000000008003744                HAL_I2C_SlaveRxCpltCallback
 .text.I2C_Slave_STOPF
                0x0000000008003748       0x3c build/stm32f1xx_hal_i2c.o
 .text.HAL_I2C_MemTxCpltCallback
                0x0000000008003784        0x4 build/stm32f1xx_hal_i2c.o
                0x0000000008003784                HAL_I2C_MemTxCpltCallback
 .text.I2C_MasterTransmit_BTF
                0x0000000008003788       0x58 build/stm32f1xx_hal_i2c.o
 .text.HAL_I2C_MemRxCpltCallback
                0x00000000080037e0        0x4 build/stm32f1xx_hal_i2c.o
                0x00000000080037e0                HAL_I2C_MemRxCpltCallback
 .text.I2C_MasterReceive_RXNE
                0x00000000080037e4       0x78 build/stm32f1xx_hal_i2c.o
 .text.I2C_MasterReceive_BTF
                0x000000000800385c       0xb0 build/stm32f1xx_hal_i2c.o
 .text.HAL_I2C_EV_IRQHandler
                0x000000000800390c      0x110 build/stm32f1xx_hal_i2c.o
                0x000000000800390c                HAL_I2C_EV_IRQHandler
 .text.HAL_I2C_ER_IRQHandler
                0x0000000008003a1c       0xe0 build/stm32f1xx_hal_i2c.o
                0x0000000008003a1c                HAL_I2C_ER_IRQHandler
 .text.HAL_RCCEx_PeriphCLKConfig
                0x0000000008003afc      0x138 build/stm32f1xx_hal_rcc_ex.o
                0x0000000008003afc                HAL_RCCEx_PeriphCLKConfig
 .text.HAL_IWDG_MspInit
                0x0000000008003c34        0x4 build/stm32f1xx_hal_iwdg.o
                0x0000000008003c34                HAL_IWDG_MspInit
 .text.HAL_IWDG_Init
                0x0000000008003c38       0x68 build/stm32f1xx_hal_iwdg.o
                0x0000000008003c38                HAL_IWDG_Init
 .text.HAL_IWDG_Start
                0x0000000008003ca0       0x2c build/stm32f1xx_hal_iwdg.o
                0x0000000008003ca0                HAL_IWDG_Start
 .text.HAL_IWDG_Refresh
                0x0000000008003ccc       0x50 build/stm32f1xx_hal_iwdg.o
                0x0000000008003ccc                HAL_IWDG_Refresh
 .text.ADC_L_init
                0x0000000008003d1c       0x8c build/ADC_L.o
                0x0000000008003d1c                ADC_L_init
 .text.ADC_MOTOR_LEFT
                0x0000000008003da8       0x1c build/ADC_L.o
                0x0000000008003da8                ADC_MOTOR_LEFT
 .text.ADC_L_callback
                0x0000000008003dc4        0xc build/ADC_L.o
                0x0000000008003dc4                ADC_L_callback
 .text.ADC_R_init
                0x0000000008003dd0       0xa4 build/ADC_R.o
                0x0000000008003dd0                ADC_R_init
 .text.ADC_MOTOR_RIGHT
                0x0000000008003e74       0x1c build/ADC_R.o
                0x0000000008003e74                ADC_MOTOR_RIGHT
 .text.ADC_BATTERY
                0x0000000008003e90       0x1c build/ADC_R.o
                0x0000000008003e90                ADC_BATTERY
 .text.ADC_R_callback
                0x0000000008003eac        0xc build/ADC_R.o
                0x0000000008003eac                ADC_R_callback
 .text.mL_HallSensor_init
                0x0000000008003eb8       0x50 build/motor_L.o
                0x0000000008003eb8                mL_HallSensor_init
 .text.mL_Low_CH1_ON
                0x0000000008003f08       0x10 build/motor_L.o
                0x0000000008003f08                mL_Low_CH1_ON
 .text.mL_Low_CH1_OFF
                0x0000000008003f18        0xc build/motor_L.o
                0x0000000008003f18                mL_Low_CH1_OFF
 .text.mL_Low_CH2_ON
                0x0000000008003f24       0x10 build/motor_L.o
                0x0000000008003f24                mL_Low_CH2_ON
 .text.mL_Low_CH2_OFF
                0x0000000008003f34        0xc build/motor_L.o
                0x0000000008003f34                mL_Low_CH2_OFF
 .text.mL_Low_CH3_ON
                0x0000000008003f40       0x10 build/motor_L.o
                0x0000000008003f40                mL_Low_CH3_ON
 .text.mL_Low_CH3_OFF
                0x0000000008003f50        0xc build/motor_L.o
                0x0000000008003f50                mL_Low_CH3_OFF
 .text.mL_AHigh__ON
                0x0000000008003f5c       0x14 build/motor_L.o
                0x0000000008003f5c                mL_AHigh__ON
 .text.mL_AHigh__OFF
                0x0000000008003f70       0x18 build/motor_L.o
                0x0000000008003f70                mL_AHigh__OFF
 .text.mL_BHigh__ON
                0x0000000008003f88       0x14 build/motor_L.o
                0x0000000008003f88                mL_BHigh__ON
 .text.mL_BHigh__OFF
                0x0000000008003f9c       0x18 build/motor_L.o
                0x0000000008003f9c                mL_BHigh__OFF
 .text.mL_CHigh__ON
                0x0000000008003fb4       0x14 build/motor_L.o
                0x0000000008003fb4                mL_CHigh__ON
 .text.mL_CHigh__OFF
                0x0000000008003fc8       0x18 build/motor_L.o
                0x0000000008003fc8                mL_CHigh__OFF
 .text.mL_PWM_Set_ChALL
                0x0000000008003fe0       0x28 build/motor_L.o
                0x0000000008003fe0                mL_PWM_Set_ChALL
 .text.MotorL_stop
                0x0000000008004008       0x54 build/motor_L.o
                0x0000000008004008                MotorL_stop
 .text.MX_TIM8_Init
                0x000000000800405c      0x1bc build/motor_L.o
                0x000000000800405c                MX_TIM8_Init
 .text.MotorL_init
                0x0000000008004218       0x20 build/motor_L.o
                0x0000000008004218                MotorL_init
 .text.mL_BLDCMotor
                0x0000000008004238      0x104 build/motor_L.o
                0x0000000008004238                mL_BLDCMotor
 .text.MotorL_start
                0x000000000800433c       0x34 build/motor_L.o
                0x000000000800433c                MotorL_start
 .text.MotorL_pwm
                0x0000000008004370       0x94 build/motor_L.o
                0x0000000008004370                MotorL_pwm
 .text.HALL_L_ISR_Callback
                0x0000000008004404       0x10 build/motor_L.o
                0x0000000008004404                HALL_L_ISR_Callback
 .text.PWM_L_ISR_Callback
                0x0000000008004414       0x74 build/motor_L.o
                0x0000000008004414                PWM_L_ISR_Callback
 .text.mR_Low_CH1_ON
                0x0000000008004488       0x10 build/motor_R.o
                0x0000000008004488                mR_Low_CH1_ON
 .text.mR_Low_CH1_OFF
                0x0000000008004498       0x10 build/motor_R.o
                0x0000000008004498                mR_Low_CH1_OFF
 .text.mR_Low_CH2_ON
                0x00000000080044a8       0x10 build/motor_R.o
                0x00000000080044a8                mR_Low_CH2_ON
 .text.mR_Low_CH2_OFF
                0x00000000080044b8       0x10 build/motor_R.o
                0x00000000080044b8                mR_Low_CH2_OFF
 .text.mR_Low_CH3_ON
                0x00000000080044c8       0x10 build/motor_R.o
                0x00000000080044c8                mR_Low_CH3_ON
 .text.mR_Low_CH3_OFF
                0x00000000080044d8       0x10 build/motor_R.o
                0x00000000080044d8                mR_Low_CH3_OFF
 .text.mR_HallSensor_init
                0x00000000080044e8       0x54 build/motor_R.o
                0x00000000080044e8                mR_HallSensor_init
 .text.mR_AHigh__ON
                0x000000000800453c       0x14 build/motor_R.o
                0x000000000800453c                mR_AHigh__ON
 .text.mR_AHigh__OFF
                0x0000000008004550       0x18 build/motor_R.o
                0x0000000008004550                mR_AHigh__OFF
 .text.mR_BHigh__ON
                0x0000000008004568       0x14 build/motor_R.o
                0x0000000008004568                mR_BHigh__ON
 .text.mR_BHigh__OFF
                0x000000000800457c       0x18 build/motor_R.o
                0x000000000800457c                mR_BHigh__OFF
 .text.mR_CHigh__ON
                0x0000000008004594       0x14 build/motor_R.o
                0x0000000008004594                mR_CHigh__ON
 .text.mR_CHigh__OFF
                0x00000000080045a8       0x18 build/motor_R.o
                0x00000000080045a8                mR_CHigh__OFF
 .text.mR_PWM_Set_ChALL
                0x00000000080045c0       0x28 build/motor_R.o
                0x00000000080045c0                mR_PWM_Set_ChALL
 .text.MotorR_stop
                0x00000000080045e8       0x5c build/motor_R.o
                0x00000000080045e8                MotorR_stop
 .text.MX_TIM1_Init
                0x0000000008004644      0x1cc build/motor_R.o
                0x0000000008004644                MX_TIM1_Init
 .text.MotorR_init
                0x0000000008004810       0x20 build/motor_R.o
                0x0000000008004810                MotorR_init
 .text.mR_BLDCMotor
                0x0000000008004830      0x11c build/motor_R.o
                0x0000000008004830                mR_BLDCMotor
 .text.MotorR_start
                0x000000000800494c       0x34 build/motor_R.o
                0x000000000800494c                MotorR_start
 .text.MotorR_pwm
                0x0000000008004980       0x94 build/motor_R.o
                0x0000000008004980                MotorR_pwm
 .text.HALL_R_ISR_Callback
                0x0000000008004a14       0x10 build/motor_R.o
                0x0000000008004a14                HALL_R_ISR_Callback
 .text.PWM_R_ISR_Callback
                0x0000000008004a24       0x74 build/motor_R.o
                0x0000000008004a24                PWM_R_ISR_Callback
 .text.MX_USART2_UART_Init
                0x0000000008004a98       0x80 build/uart.o
                0x0000000008004a98                MX_USART2_UART_Init
 .text.Console_Log
                0x0000000008004b18       0x18 build/uart.o
                0x0000000008004b18                Console_Log
 .text.HAL_UART_RxCpltCallback
                0x0000000008004b30       0x1c build/uart.o
                0x0000000008004b30                HAL_UART_RxCpltCallback
 .text.HAL_UART_TxCpltCallback
                0x0000000008004b4c       0x1c build/uart.o
                0x0000000008004b4c                HAL_UART_TxCpltCallback
 .text.Led_init
                0x0000000008004b68       0x44 build/varie.o
                0x0000000008004b68                Led_init
 .text.IS_Charge_init
                0x0000000008004bac       0x3c build/varie.o
                0x0000000008004bac                IS_Charge_init
 .text.Led_Set  0x0000000008004be8       0x14 build/varie.o
                0x0000000008004be8                Led_Set
 .text.Power_Set
                0x0000000008004bfc       0x14 build/varie.o
                0x0000000008004bfc                Power_Set
 .text.Buzzer_Set
                0x0000000008004c10       0x14 build/varie.o
                0x0000000008004c10                Buzzer_Set
 .text.Buzzer_init
                0x0000000008004c24       0x58 build/varie.o
                0x0000000008004c24                Buzzer_init
 .text.Buzzer_TwoBeep
                0x0000000008004c7c       0x4c build/varie.o
                0x0000000008004c7c                Buzzer_TwoBeep
 .text.Buzzer_OneLongBeep
                0x0000000008004cc8       0x38 build/varie.o
                0x0000000008004cc8                Buzzer_OneLongBeep
 .text.IS_Button
                0x0000000008004d00       0x10 build/varie.o
                0x0000000008004d00                IS_Button
 .text.Button_init
                0x0000000008004d10       0x4c build/varie.o
                0x0000000008004d10                Button_init
 .text.Telemetry_init
                0x0000000008004d5c       0x1c build/telemetry.o
                0x0000000008004d5c                Telemetry_init
 .text.getMotorL
                0x0000000008004d78       0x1c build/telemetry.o
                0x0000000008004d78                getMotorL
 .text.getMotorR
                0x0000000008004d94       0x1c build/telemetry.o
                0x0000000008004d94                getMotorR
 .text.HAL_I2C_MasterTxCpltCallback
                0x0000000008004db0       0x18 build/i2c.o
                0x0000000008004db0                HAL_I2C_MasterTxCpltCallback
 .text.HAL_I2C_MasterRxCpltCallback
                0x0000000008004dc8       0x18 build/i2c.o
                0x0000000008004dc8                HAL_I2C_MasterRxCpltCallback
 .text.HAL_I2C_ErrorCallback
                0x0000000008004de0       0x18 build/i2c.o
                0x0000000008004de0                HAL_I2C_ErrorCallback
 .text._init_us
                0x0000000008004df8       0x5c build/delay.o
                0x0000000008004df8                _init_us
 .text._stop_timer
                0x0000000008004e54       0x1c build/delay.o
                0x0000000008004e54                _stop_timer
 .text.Delay_us
                0x0000000008004e70       0x20 build/delay.o
                0x0000000008004e70                Delay_us
 .text.GET_BatteryAverage
                0x0000000008004e90        0xc build/application.o
                0x0000000008004e90                GET_BatteryAverage
 .text.applcation_init
                0x0000000008004e9c       0x38 build/application.o
                0x0000000008004e9c                applcation_init
 *fill*         0x0000000008004ed4        0x4 
 .text.Battery_TASK
                0x0000000008004ed8       0x90 build/application.o
                0x0000000008004ed8                Battery_TASK
 .text.getMotorCurrentR
                0x0000000008004f68       0x10 build/application.o
                0x0000000008004f68                getMotorCurrentR
 .text.getMotorCurrentL
                0x0000000008004f78       0x10 build/application.o
                0x0000000008004f78                getMotorCurrentL
 .text.HAL_ADC_ConvCpltCallback
                0x0000000008004f88       0x28 build/main.o
                0x0000000008004f88                HAL_ADC_ConvCpltCallback
 .text.Error_Handler
                0x0000000008004fb0        0xc build/main.o
                0x0000000008004fb0                Error_Handler
 .text.MX_IWDG_Init
                0x0000000008004fbc       0x4c build/main.o
 .text.SystemClock_Config
                0x0000000008005008       0x8c build/main.o
                0x0000000008005008                SystemClock_Config
 *fill*         0x0000000008005094        0x4 
 .text.main     0x0000000008005098      0x250 build/main.o
                0x0000000008005098                main
 .text.HAL_MspInit
                0x00000000080052e8       0x7c build/stm32f1xx_hal_msp.o
                0x00000000080052e8                HAL_MspInit
 .text.HAL_ADC_MspInit
                0x0000000008005364       0xe8 build/stm32f1xx_hal_msp.o
                0x0000000008005364                HAL_ADC_MspInit
 .text.HAL_UART_MspInit
                0x000000000800544c       0xe4 build/stm32f1xx_hal_msp.o
                0x000000000800544c                HAL_UART_MspInit
 .text.Reset_Handler
                0x0000000008005530       0x48 build/startup_stm32f103xe.o
                0x0000000008005530                Reset_Handler
 .text.Default_Handler
                0x0000000008005578        0x2 build/startup_stm32f103xe.o
                0x0000000008005578                RTC_Alarm_IRQHandler
                0x0000000008005578                EXTI2_IRQHandler
                0x0000000008005578                TIM8_TRG_COM_IRQHandler
                0x0000000008005578                TIM6_IRQHandler
                0x0000000008005578                PVD_IRQHandler
                0x0000000008005578                SDIO_IRQHandler
                0x0000000008005578                EXTI3_IRQHandler
                0x0000000008005578                EXTI0_IRQHandler
                0x0000000008005578                I2C2_EV_IRQHandler
                0x0000000008005578                ADC1_2_IRQHandler
                0x0000000008005578                SPI1_IRQHandler
                0x0000000008005578                TAMPER_IRQHandler
                0x0000000008005578                TIM8_UP_IRQHandler
                0x0000000008005578                DMA2_Channel2_IRQHandler
                0x0000000008005578                USART3_IRQHandler
                0x0000000008005578                RTC_IRQHandler
                0x0000000008005578                CAN1_RX1_IRQHandler
                0x0000000008005578                UART5_IRQHandler
                0x0000000008005578                ADC3_IRQHandler
                0x0000000008005578                TIM4_IRQHandler
                0x0000000008005578                DMA2_Channel1_IRQHandler
                0x0000000008005578                UART4_IRQHandler
                0x0000000008005578                RCC_IRQHandler
                0x0000000008005578                TIM1_TRG_COM_IRQHandler
                0x0000000008005578                Default_Handler
                0x0000000008005578                TIM7_IRQHandler
                0x0000000008005578                TIM5_IRQHandler
                0x0000000008005578                SPI2_IRQHandler
                0x0000000008005578                EXTI4_IRQHandler
                0x0000000008005578                USB_LP_CAN1_RX0_IRQHandler
                0x0000000008005578                USB_HP_CAN1_TX_IRQHandler
                0x0000000008005578                DMA1_Channel3_IRQHandler
                0x0000000008005578                FSMC_IRQHandler
                0x0000000008005578                TIM1_UP_IRQHandler
                0x0000000008005578                WWDG_IRQHandler
                0x0000000008005578                TIM2_IRQHandler
                0x0000000008005578                TIM1_BRK_IRQHandler
                0x0000000008005578                EXTI1_IRQHandler
                0x0000000008005578                USART2_IRQHandler
                0x0000000008005578                DMA1_Channel2_IRQHandler
                0x0000000008005578                TIM8_BRK_IRQHandler
                0x0000000008005578                CAN1_SCE_IRQHandler
                0x0000000008005578                FLASH_IRQHandler
                0x0000000008005578                USART1_IRQHandler
                0x0000000008005578                SPI3_IRQHandler
                0x0000000008005578                USBWakeUp_IRQHandler
                0x0000000008005578                DMA2_Channel3_IRQHandler
 *fill*         0x000000000800557a        0x2 
 .text.__libc_init_array
                0x000000000800557c       0x4c /usr/lib/gcc/arm-none-eabi/4.9.3/../../../arm-none-eabi/lib/armv7-m/libc_nano.a(lib_a-init.o)
                0x000000000800557c                __libc_init_array
 .text.memset   0x00000000080055c8       0x10 /usr/lib/gcc/arm-none-eabi/4.9.3/../../../arm-none-eabi/lib/armv7-m/libc_nano.a(lib_a-memset.o)
                0x00000000080055c8                memset
 .text.sprintf  0x00000000080055d8       0x48 /usr/lib/gcc/arm-none-eabi/4.9.3/../../../arm-none-eabi/lib/armv7-m/libc_nano.a(lib_a-sprintf.o)
                0x00000000080055d8                sprintf
                0x00000000080055d8                siprintf
 .text.strlen   0x0000000008005620       0x10 /usr/lib/gcc/arm-none-eabi/4.9.3/../../../arm-none-eabi/lib/armv7-m/libc_nano.a(lib_a-strlen.o)
                0x0000000008005620                strlen
 .text.__ssputs_r
                0x0000000008005630       0xb2 /usr/lib/gcc/arm-none-eabi/4.9.3/../../../arm-none-eabi/lib/armv7-m/libc_nano.a(lib_a-nano-svfprintf.o)
                0x0000000008005630                __ssputs_r
 *fill*         0x00000000080056e2        0x2 
 .text._svfprintf_r
                0x00000000080056e4      0x1e4 /usr/lib/gcc/arm-none-eabi/4.9.3/../../../arm-none-eabi/lib/armv7-m/libc_nano.a(lib_a-nano-svfprintf.o)
                0x00000000080056e4                _svfprintf_r
                0x00000000080056e4                _svfiprintf_r
 .text._printf_common
                0x00000000080058c8       0xea /usr/lib/gcc/arm-none-eabi/4.9.3/../../../arm-none-eabi/lib/armv7-m/libc_nano.a(lib_a-nano-vfprintf_i.o)
                0x00000000080058c8                _printf_common
 *fill*         0x00000000080059b2        0x2 
 .text._printf_i
                0x00000000080059b4      0x240 /usr/lib/gcc/arm-none-eabi/4.9.3/../../../arm-none-eabi/lib/armv7-m/libc_nano.a(lib_a-nano-vfprintf_i.o)
                0x00000000080059b4                _printf_i
 .text.memchr   0x0000000008005bf4       0x1c /usr/lib/gcc/arm-none-eabi/4.9.3/../../../arm-none-eabi/lib/armv7-m/libc_nano.a(lib_a-memchr.o)
                0x0000000008005bf4                memchr
 .text.memcpy   0x0000000008005c10       0x16 /usr/lib/gcc/arm-none-eabi/4.9.3/../../../arm-none-eabi/lib/armv7-m/libc_nano.a(lib_a-memcpy.o)
                0x0000000008005c10                memcpy
 .text.memmove  0x0000000008005c26       0x36 /usr/lib/gcc/arm-none-eabi/4.9.3/../../../arm-none-eabi/lib/armv7-m/libc_nano.a(lib_a-memmove.o)
                0x0000000008005c26                memmove
 .text._free_r  0x0000000008005c5c       0x88 /usr/lib/gcc/arm-none-eabi/4.9.3/../../../arm-none-eabi/lib/armv7-m/libc_nano.a(lib_a-nano-freer.o)
                0x0000000008005c5c                _free_r
 .text._malloc_r
                0x0000000008005ce4       0xac /usr/lib/gcc/arm-none-eabi/4.9.3/../../../arm-none-eabi/lib/armv7-m/libc_nano.a(lib_a-nano-mallocr.o)
                0x0000000008005ce4                _malloc_r
 .text._realloc_r
                0x0000000008005d90       0x4c /usr/lib/gcc/arm-none-eabi/4.9.3/../../../arm-none-eabi/lib/armv7-m/libc_nano.a(lib_a-nano-reallocr.o)
                0x0000000008005d90                _realloc_r
 .text._sbrk_r  0x0000000008005ddc       0x20 /usr/lib/gcc/arm-none-eabi/4.9.3/../../../arm-none-eabi/lib/armv7-m/libc_nano.a(lib_a-sbrkr.o)
                0x0000000008005ddc                _sbrk_r
 .text._malloc_usable_size_r
                0x0000000008005dfc       0x14 /usr/lib/gcc/arm-none-eabi/4.9.3/../../../arm-none-eabi/lib/armv7-m/libc_nano.a(lib_a-nano-msizer.o)
                0x0000000008005dfc                _malloc_usable_size_r
 .text._sbrk    0x0000000008005e10       0x1c /usr/lib/gcc/arm-none-eabi/4.9.3/../../../arm-none-eabi/lib/armv7-m/libnosys.a(sbrk.o)
                0x0000000008005e10                _sbrk
 *(.glue_7)
 .glue_7        0x0000000008005e2c        0x0 linker stubs
 *(.glue_7t)
 .glue_7t       0x0000000008005e2c        0x0 linker stubs
 *(.eh_frame)
 .eh_frame      0x0000000008005e2c        0x0 /usr/lib/gcc/arm-none-eabi/4.9.3/armv7-m/crtbegin.o
 *(.init)
 .init          0x0000000008005e2c        0x4 /usr/lib/gcc/arm-none-eabi/4.9.3/armv7-m/crti.o
                0x0000000008005e2c                _init
 .init          0x0000000008005e30        0x8 /usr/lib/gcc/arm-none-eabi/4.9.3/armv7-m/crtn.o
 *(.fini)
 .fini          0x0000000008005e38        0x4 /usr/lib/gcc/arm-none-eabi/4.9.3/armv7-m/crti.o
                0x0000000008005e38                _fini
 .fini          0x0000000008005e3c        0x8 /usr/lib/gcc/arm-none-eabi/4.9.3/armv7-m/crtn.o
                0x0000000008005e44                . = ALIGN (0x4)
                0x0000000008005e44                _etext = .

.vfp11_veneer   0x0000000008005e44        0x0
 .vfp11_veneer  0x0000000008005e44        0x0 linker stubs

.v4_bx          0x0000000008005e44        0x0
 .v4_bx         0x0000000008005e44        0x0 linker stubs

.iplt           0x0000000008005e44        0x0
 .iplt          0x0000000008005e44        0x0 /usr/lib/gcc/arm-none-eabi/4.9.3/armv7-m/crtbegin.o

.rodata         0x0000000008005e44       0x6c
                0x0000000008005e44                . = ALIGN (0x4)
 *(.rodata)
 .rodata        0x0000000008005e44       0x12 build/stm32f1xx_hal_rcc.o
 *(.rodata*)
 *fill*         0x0000000008005e56        0x2 
 .rodata.AHBPrescTable
                0x0000000008005e58       0x10 build/system_stm32f1xx.o
                0x0000000008005e58                AHBPrescTable
 .rodata.APBPrescTable
                0x0000000008005e68        0x8 build/system_stm32f1xx.o
                0x0000000008005e68                APBPrescTable
 .rodata.str1.4
                0x0000000008005e70        0x8 build/main.o
 .rodata.str1.1
                0x0000000008005e78        0x2 /usr/lib/gcc/arm-none-eabi/4.9.3/../../../arm-none-eabi/lib/armv7-m/libc_nano.a(lib_a-impure.o)
 .rodata.str1.1
                0x0000000008005e7a       0x11 /usr/lib/gcc/arm-none-eabi/4.9.3/../../../arm-none-eabi/lib/armv7-m/libc_nano.a(lib_a-nano-svfprintf.o)
 .rodata.str1.1
                0x0000000008005e8b       0x22 /usr/lib/gcc/arm-none-eabi/4.9.3/../../../arm-none-eabi/lib/armv7-m/libc_nano.a(lib_a-nano-vfprintf_i.o)
                0x0000000008005eb0                . = ALIGN (0x4)
 *fill*         0x0000000008005ead        0x3 

.rel.dyn        0x0000000008005eb0        0x0
 .rel.iplt      0x0000000008005eb0        0x0 /usr/lib/gcc/arm-none-eabi/4.9.3/armv7-m/crtbegin.o

.ARM.extab
 *(.ARM.extab* .gnu.linkonce.armextab.*)

.ARM            0x0000000008005eb0        0x0
                0x0000000008005eb0                __exidx_start = .
 *(.ARM.exidx*)
                0x0000000008005eb0                __exidx_end = .

.preinit_array  0x0000000008005eb0        0x0
                0x0000000008005eb0                PROVIDE (__preinit_array_start, .)
 *(.preinit_array*)
                0x0000000008005eb0                PROVIDE (__preinit_array_end, .)

.init_array     0x0000000008005eb0        0x4
                0x0000000008005eb0                PROVIDE (__init_array_start, .)
 *(SORT(.init_array.*))
 *(.init_array*)
 .init_array    0x0000000008005eb0        0x4 /usr/lib/gcc/arm-none-eabi/4.9.3/armv7-m/crtbegin.o
                0x0000000008005eb4                PROVIDE (__init_array_end, .)

.fini_array     0x0000000008005eb4        0x4
                0x0000000008005eb4                PROVIDE (__fini_array_start, .)
 *(SORT(.fini_array.*))
 *(.fini_array*)
 .fini_array    0x0000000008005eb4        0x4 /usr/lib/gcc/arm-none-eabi/4.9.3/armv7-m/crtbegin.o
                0x0000000008005eb8                PROVIDE (__fini_array_end, .)
                0x0000000008005eb8                _sidata = LOADADDR (.data)

.data           0x0000000020000000       0x68 load address 0x0000000008005eb8
                0x0000000020000000                . = ALIGN (0x4)
                0x0000000020000000                _sdata = .
 *(.data)
 *(.data*)
 .data.SystemCoreClock
                0x0000000020000000        0x4 build/system_stm32f1xx.o
                0x0000000020000000                SystemCoreClock
 .data.impure_data
                0x0000000020000004       0x60 /usr/lib/gcc/arm-none-eabi/4.9.3/../../../arm-none-eabi/lib/armv7-m/libc_nano.a(lib_a-impure.o)
 .data._impure_ptr
                0x0000000020000064        0x4 /usr/lib/gcc/arm-none-eabi/4.9.3/../../../arm-none-eabi/lib/armv7-m/libc_nano.a(lib_a-impure.o)
                0x0000000020000064                _impure_ptr
                0x0000000020000068                . = ALIGN (0x4)
                0x0000000020000068                _edata = .

.jcr            0x0000000020000068        0x0 load address 0x0000000008005f20
 .jcr           0x0000000020000068        0x0 /usr/lib/gcc/arm-none-eabi/4.9.3/armv7-m/crtbegin.o

.tm_clone_table
                0x0000000020000068        0x0 load address 0x0000000008005f20
 .tm_clone_table
                0x0000000020000068        0x0 /usr/lib/gcc/arm-none-eabi/4.9.3/armv7-m/crtbegin.o
 .tm_clone_table
                0x0000000020000068        0x0 /usr/lib/gcc/arm-none-eabi/4.9.3/armv7-m/crtend.o

.igot.plt       0x0000000020000068        0x0 load address 0x0000000008005f20
 .igot.plt      0x0000000020000068        0x0 /usr/lib/gcc/arm-none-eabi/4.9.3/armv7-m/crtbegin.o
                0x0000000020000068                . = ALIGN (0x4)

.bss            0x0000000020000068      0x4fc load address 0x0000000008005f20
                0x0000000020000068                _sbss = .
                0x0000000020000068                __bss_start__ = _sbss
 *(.bss)
 .bss           0x0000000020000068       0x1c /usr/lib/gcc/arm-none-eabi/4.9.3/armv7-m/crtbegin.o
 *(.bss*)
 .bss.uwTick    0x0000000020000084        0x4 build/stm32f1xx_hal.o
 .bss.last_motorL.7432
                0x0000000020000088        0x1 build/motor_L.o
 .bss.last_motorLStop.7433
                0x0000000020000089        0x1 build/motor_L.o
 .bss.last_motorR.7444
                0x000000002000008a        0x1 build/motor_R.o
 .bss.last_motorRStop.7445
                0x000000002000008b        0x1 build/motor_R.o
 .bss.__malloc_sbrk_start
                0x000000002000008c        0x4 /usr/lib/gcc/arm-none-eabi/4.9.3/../../../arm-none-eabi/lib/armv7-m/libc_nano.a(lib_a-nano-mallocr.o)
                0x000000002000008c                __malloc_sbrk_start
 .bss.__malloc_free_list
                0x0000000020000090        0x4 /usr/lib/gcc/arm-none-eabi/4.9.3/../../../arm-none-eabi/lib/armv7-m/libc_nano.a(lib_a-nano-mallocr.o)
                0x0000000020000090                __malloc_free_list
 .bss.heap_end.4079
                0x0000000020000094        0x4 /usr/lib/gcc/arm-none-eabi/4.9.3/../../../arm-none-eabi/lib/armv7-m/libnosys.a(sbrk.o)
 *(COMMON)
 COMMON         0x0000000020000098       0x70 build/ADC_L.o
                0x0000000020000098                adc_Ldati
                0x00000000200000a0                hdma_adc3
                0x00000000200000d8                hadc3
 COMMON         0x0000000020000108       0x78 build/ADC_R.o
                0x0000000020000108                hadc1
                0x0000000020000138                buffer
                0x0000000020000140                adc_Rdati
                0x0000000020000148                hdma_adc1
 COMMON         0x0000000020000180       0x84 build/pid.o
                0x0000000020000180                pid_L_Dati
                0x000000002000019c                Tim3PID
                0x00000000200001d8                pid_R_
                0x00000000200001e0                pid_L_
                0x00000000200001e8                pid_R_Dati
 COMMON         0x0000000020000204       0x4c build/motor_L.o
                0x0000000020000204                htim8
                0x0000000020000240                motorL
 COMMON         0x0000000020000250       0x4c build/motor_R.o
                0x0000000020000250                motorR
                0x0000000020000260                htim1
 COMMON         0x000000002000029c      0x12c build/uart.o
                0x000000002000029c                uartDati
                0x0000000020000318                hdma_usart2_rx
                0x0000000020000350                hdma_usart2_tx
                0x0000000020000388                huart2
 COMMON         0x00000000200003c8       0x28 build/telemetry.o
                0x00000000200003c8                telemetry
                0x00000000200003e4                leftToTransfer
                0x00000000200003e8                commandsequence
 COMMON         0x00000000200003f0       0xc0 build/i2c.o
                0x00000000200003f0                wii_JOYdati
                0x0000000020000404                hi2c2
                0x0000000020000440                hdma_i2c2_rx
                0x0000000020000478                hdma_i2c2_tx
 COMMON         0x00000000200004b0       0x3c build/delay.o
                0x00000000200004b0                TimHandle
 COMMON         0x00000000200004ec       0x5c build/application.o
                0x00000000200004ec                battery_dati
                0x0000000020000500                app
 COMMON         0x0000000020000548       0x18 build/main.o
                0x0000000020000548                counterTemp
                0x000000002000054c                hiwdg
                0x000000002000055c                counterTempTT
 COMMON         0x0000000020000560        0x4 /usr/lib/gcc/arm-none-eabi/4.9.3/../../../arm-none-eabi/lib/armv7-m/libc_nano.a(lib_a-reent.o)
                0x0000000020000560                errno
                0x0000000020000564                . = ALIGN (0x4)
                0x0000000020000564                _ebss = .
                0x0000000020000564                __bss_end__ = _ebss

._user_heap_stack
                0x0000000020000564      0x604 load address 0x0000000008005f20
                0x0000000020000568                . = ALIGN (0x8)
 *fill*         0x0000000020000564        0x4 
                0x0000000020000568                PROVIDE (end, .)
                [!provide]                        PROVIDE (_end, .)
                0x0000000020000768                . = (. + _Min_Heap_Size)
 *fill*         0x0000000020000568      0x200 
                0x0000000020000b68                . = (. + _Min_Stack_Size)
 *fill*         0x0000000020000768      0x400 
                0x0000000020000b68                . = ALIGN (0x8)

/DISCARD/
 libc.a(*)
 libm.a(*)
 libgcc.a(*)

.ARM.attributes
                0x0000000000000000       0x29
 *(.ARM.attributes)
 .ARM.attributes
                0x0000000000000000       0x1d /usr/lib/gcc/arm-none-eabi/4.9.3/armv7-m/crti.o
 .ARM.attributes
                0x000000000000001d       0x2d /usr/lib/gcc/arm-none-eabi/4.9.3/armv7-m/crtbegin.o
 .ARM.attributes
                0x000000000000004a       0x33 build/stm32f1xx_hal_adc.o
 .ARM.attributes
                0x000000000000007d       0x33 build/stm32f1xx_hal_tim_ex.o
 .ARM.attributes
                0x00000000000000b0       0x33 build/stm32f1xx_hal_cortex.o
 .ARM.attributes
                0x00000000000000e3       0x33 build/stm32f1xx_hal_gpio.o
 .ARM.attributes
                0x0000000000000116       0x33 build/system_stm32f1xx.o
 .ARM.attributes
                0x0000000000000149       0x33 build/stm32f1xx_hal_tim.o
 .ARM.attributes
                0x000000000000017c       0x33 build/stm32f1xx_it.o
 .ARM.attributes
                0x00000000000001af       0x33 build/stm32f1xx_hal_rcc.o
 .ARM.attributes
                0x00000000000001e2       0x33 build/stm32f1xx_hal_dma.o
 .ARM.attributes
                0x0000000000000215       0x33 build/stm32f1xx_hal_uart.o
 .ARM.attributes
                0x0000000000000248       0x33 build/stm32f1xx_hal.o
 .ARM.attributes
                0x000000000000027b       0x33 build/stm32f1xx_hal_i2c.o
 .ARM.attributes
                0x00000000000002ae       0x33 build/stm32f1xx_hal_rcc_ex.o
 .ARM.attributes
                0x00000000000002e1       0x33 build/stm32f1xx_hal_iwdg.o
 .ARM.attributes
                0x0000000000000314       0x33 build/ADC_L.o
 .ARM.attributes
                0x0000000000000347       0x33 build/ADC_R.o
 .ARM.attributes
                0x000000000000037a       0x33 build/pid.o
 .ARM.attributes
                0x00000000000003ad       0x33 build/motor_L.o
 .ARM.attributes
                0x00000000000003e0       0x33 build/motor_R.o
 .ARM.attributes
                0x0000000000000413       0x33 build/uart.o
 .ARM.attributes
                0x0000000000000446       0x33 build/varie.o
 .ARM.attributes
                0x0000000000000479       0x33 build/telemetry.o
 .ARM.attributes
                0x00000000000004ac       0x33 build/i2c.o
 .ARM.attributes
                0x00000000000004df       0x33 build/delay.o
 .ARM.attributes
                0x0000000000000512       0x33 build/application.o
 .ARM.attributes
                0x0000000000000545       0x33 build/main.o
 .ARM.attributes
                0x0000000000000578       0x33 build/stm32f1xx_hal_msp.o
 .ARM.attributes
                0x00000000000005ab       0x21 build/startup_stm32f103xe.o
 .ARM.attributes
                0x00000000000005cc       0x2d /usr/lib/gcc/arm-none-eabi/4.9.3/../../../arm-none-eabi/lib/armv7-m/libc_nano.a(lib_a-impure.o)
 .ARM.attributes
                0x00000000000005f9       0x2d /usr/lib/gcc/arm-none-eabi/4.9.3/../../../arm-none-eabi/lib/armv7-m/libc_nano.a(lib_a-init.o)
 .ARM.attributes
                0x0000000000000626       0x2d /usr/lib/gcc/arm-none-eabi/4.9.3/../../../arm-none-eabi/lib/armv7-m/libc_nano.a(lib_a-memset.o)
 .ARM.attributes
                0x0000000000000653       0x2d /usr/lib/gcc/arm-none-eabi/4.9.3/../../../arm-none-eabi/lib/armv7-m/libc_nano.a(lib_a-sprintf.o)
 .ARM.attributes
                0x0000000000000680       0x2d /usr/lib/gcc/arm-none-eabi/4.9.3/../../../arm-none-eabi/lib/armv7-m/libc_nano.a(lib_a-strlen.o)
 .ARM.attributes
                0x00000000000006ad       0x2d /usr/lib/gcc/arm-none-eabi/4.9.3/../../../arm-none-eabi/lib/armv7-m/libc_nano.a(lib_a-nano-svfprintf.o)
 .ARM.attributes
                0x00000000000006da       0x2d /usr/lib/gcc/arm-none-eabi/4.9.3/../../../arm-none-eabi/lib/armv7-m/libc_nano.a(lib_a-nano-vfprintf_i.o)
 .ARM.attributes
                0x0000000000000707       0x2d /usr/lib/gcc/arm-none-eabi/4.9.3/../../../arm-none-eabi/lib/armv7-m/libc_nano.a(lib_a-memchr.o)
 .ARM.attributes
                0x0000000000000734       0x2d /usr/lib/gcc/arm-none-eabi/4.9.3/../../../arm-none-eabi/lib/armv7-m/libc_nano.a(lib_a-memcpy.o)
 .ARM.attributes
                0x0000000000000761       0x2d /usr/lib/gcc/arm-none-eabi/4.9.3/../../../arm-none-eabi/lib/armv7-m/libc_nano.a(lib_a-memmove.o)
 .ARM.attributes
                0x000000000000078e       0x2d /usr/lib/gcc/arm-none-eabi/4.9.3/../../../arm-none-eabi/lib/armv7-m/libc_nano.a(lib_a-nano-freer.o)
 .ARM.attributes
                0x00000000000007bb       0x2d /usr/lib/gcc/arm-none-eabi/4.9.3/../../../arm-none-eabi/lib/armv7-m/libc_nano.a(lib_a-nano-mallocr.o)
 .ARM.attributes
                0x00000000000007e8       0x2d /usr/lib/gcc/arm-none-eabi/4.9.3/../../../arm-none-eabi/lib/armv7-m/libc_nano.a(lib_a-nano-reallocr.o)
 .ARM.attributes
                0x0000000000000815       0x2d /usr/lib/gcc/arm-none-eabi/4.9.3/../../../arm-none-eabi/lib/armv7-m/libc_nano.a(lib_a-sbrkr.o)
 .ARM.attributes
                0x0000000000000842       0x2d /usr/lib/gcc/arm-none-eabi/4.9.3/../../../arm-none-eabi/lib/armv7-m/libc_nano.a(lib_a-nano-msizer.o)
 .ARM.attributes
                0x000000000000086f       0x2d /usr/lib/gcc/arm-none-eabi/4.9.3/../../../arm-none-eabi/lib/armv7-m/libc_nano.a(lib_a-reent.o)
 .ARM.attributes
                0x000000000000089c       0x2d /usr/lib/gcc/arm-none-eabi/4.9.3/../../../arm-none-eabi/lib/armv7-m/libnosys.a(sbrk.o)
 .ARM.attributes
                0x00000000000008c9       0x1d /usr/lib/gcc/arm-none-eabi/4.9.3/armv7-m/libgcc.a(_arm_addsubdf3.o)
 .ARM.attributes
                0x00000000000008e6       0x1d /usr/lib/gcc/arm-none-eabi/4.9.3/armv7-m/libgcc.a(_arm_muldivdf3.o)
 .ARM.attributes
                0x0000000000000903       0x1d /usr/lib/gcc/arm-none-eabi/4.9.3/armv7-m/libgcc.a(_arm_cmpdf2.o)
 .ARM.attributes
                0x0000000000000920       0x1d /usr/lib/gcc/arm-none-eabi/4.9.3/armv7-m/libgcc.a(_arm_fixunsdfsi.o)
 .ARM.attributes
                0x000000000000093d       0x1d /usr/lib/gcc/arm-none-eabi/4.9.3/armv7-m/libgcc.a(_arm_truncdfsf2.o)
 .ARM.attributes
                0x000000000000095a       0x1d /usr/lib/gcc/arm-none-eabi/4.9.3/armv7-m/libgcc.a(_arm_muldivsf3.o)
 .ARM.attributes
                0x0000000000000977       0x1d /usr/lib/gcc/arm-none-eabi/4.9.3/armv7-m/libgcc.a(_arm_cmpsf2.o)
 .ARM.attributes
                0x0000000000000994       0x1d /usr/lib/gcc/arm-none-eabi/4.9.3/armv7-m/libgcc.a(_arm_fixsfsi.o)
 .ARM.attributes
                0x00000000000009b1       0x2d /usr/lib/gcc/arm-none-eabi/4.9.3/armv7-m/crtend.o
 .ARM.attributes
                0x00000000000009de       0x1d /usr/lib/gcc/arm-none-eabi/4.9.3/armv7-m/crtn.o
OUTPUT(build/hoverboard.elf elf32-littlearm)

.comment        0x0000000000000000       0xde
 .comment       0x0000000000000000       0x38 /usr/lib/gcc/arm-none-eabi/4.9.3/armv7-m/crtbegin.o
                                         0x39 (size before relaxing)
 .comment       0x0000000000000038       0x39 build/stm32f1xx_hal_adc.o
 .comment       0x0000000000000038       0x39 build/stm32f1xx_hal_tim_ex.o
 .comment       0x0000000000000038       0x39 build/stm32f1xx_hal_cortex.o
 .comment       0x0000000000000038       0x39 build/stm32f1xx_hal_gpio.o
 .comment       0x0000000000000038       0x39 build/system_stm32f1xx.o
 .comment       0x0000000000000038       0x39 build/stm32f1xx_hal_tim.o
 .comment       0x0000000000000038       0x6e build/stm32f1xx_it.o
                                         0x6f (size before relaxing)
 .comment       0x00000000000000a6       0x39 build/stm32f1xx_hal_rcc.o
 .comment       0x00000000000000a6       0x39 build/stm32f1xx_hal_dma.o
 .comment       0x00000000000000a6       0x39 build/stm32f1xx_hal_uart.o
 .comment       0x00000000000000a6       0x39 build/stm32f1xx_hal.o
 .comment       0x00000000000000a6       0x6f build/stm32f1xx_hal_i2c.o
 .comment       0x00000000000000a6       0x39 build/stm32f1xx_hal_rcc_ex.o
 .comment       0x00000000000000a6       0x39 build/stm32f1xx_hal_iwdg.o
 .comment       0x00000000000000a6       0x6f build/ADC_L.o
 .comment       0x00000000000000a6       0x6f build/ADC_R.o
 .comment       0x00000000000000a6       0x39 build/pid.o
 .comment       0x00000000000000a6       0x6f build/motor_L.o
 .comment       0x00000000000000a6       0x6f build/motor_R.o
 .comment       0x00000000000000a6       0x6f build/uart.o
 .comment       0x00000000000000a6       0x6f build/varie.o
 .comment       0x00000000000000a6       0x6f build/telemetry.o
 .comment       0x00000000000000a6       0x6f build/i2c.o
 .comment       0x00000000000000a6       0x39 build/delay.o
 .comment       0x00000000000000a6       0x6f build/application.o
 .comment       0x00000000000000a6       0x6f build/main.o
 .comment       0x00000000000000a6       0x6f build/stm32f1xx_hal_msp.o
 .comment       0x00000000000000a6       0x38 /usr/lib/gcc/arm-none-eabi/4.9.3/../../../arm-none-eabi/lib/armv7-m/libc_nano.a(lib_a-impure.o)
                                         0x39 (size before relaxing)
 .comment       0x00000000000000de       0x39 /usr/lib/gcc/arm-none-eabi/4.9.3/../../../arm-none-eabi/lib/armv7-m/libc_nano.a(lib_a-init.o)
 .comment       0x00000000000000de       0x39 /usr/lib/gcc/arm-none-eabi/4.9.3/../../../arm-none-eabi/lib/armv7-m/libc_nano.a(lib_a-memset.o)
 .comment       0x00000000000000de       0x39 /usr/lib/gcc/arm-none-eabi/4.9.3/../../../arm-none-eabi/lib/armv7-m/libc_nano.a(lib_a-sprintf.o)
 .comment       0x00000000000000de       0x39 /usr/lib/gcc/arm-none-eabi/4.9.3/../../../arm-none-eabi/lib/armv7-m/libc_nano.a(lib_a-strlen.o)
 .comment       0x00000000000000de       0x39 /usr/lib/gcc/arm-none-eabi/4.9.3/../../../arm-none-eabi/lib/armv7-m/libc_nano.a(lib_a-nano-svfprintf.o)
 .comment       0x00000000000000de       0x39 /usr/lib/gcc/arm-none-eabi/4.9.3/../../../arm-none-eabi/lib/armv7-m/libc_nano.a(lib_a-nano-vfprintf_i.o)
 .comment       0x00000000000000de       0x39 /usr/lib/gcc/arm-none-eabi/4.9.3/../../../arm-none-eabi/lib/armv7-m/libc_nano.a(lib_a-memchr.o)
 .comment       0x00000000000000de       0x39 /usr/lib/gcc/arm-none-eabi/4.9.3/../../../arm-none-eabi/lib/armv7-m/libc_nano.a(lib_a-memcpy.o)
 .comment       0x00000000000000de       0x39 /usr/lib/gcc/arm-none-eabi/4.9.3/../../../arm-none-eabi/lib/armv7-m/libc_nano.a(lib_a-memmove.o)
 .comment       0x00000000000000de       0x39 /usr/lib/gcc/arm-none-eabi/4.9.3/../../../arm-none-eabi/lib/armv7-m/libc_nano.a(lib_a-nano-freer.o)
 .comment       0x00000000000000de       0x39 /usr/lib/gcc/arm-none-eabi/4.9.3/../../../arm-none-eabi/lib/armv7-m/libc_nano.a(lib_a-nano-mallocr.o)
 .comment       0x00000000000000de       0x39 /usr/lib/gcc/arm-none-eabi/4.9.3/../../../arm-none-eabi/lib/armv7-m/libc_nano.a(lib_a-nano-reallocr.o)
 .comment       0x00000000000000de       0x39 /usr/lib/gcc/arm-none-eabi/4.9.3/../../../arm-none-eabi/lib/armv7-m/libc_nano.a(lib_a-sbrkr.o)
 .comment       0x00000000000000de       0x39 /usr/lib/gcc/arm-none-eabi/4.9.3/../../../arm-none-eabi/lib/armv7-m/libc_nano.a(lib_a-nano-msizer.o)
 .comment       0x00000000000000de       0x39 /usr/lib/gcc/arm-none-eabi/4.9.3/../../../arm-none-eabi/lib/armv7-m/libc_nano.a(lib_a-reent.o)
 .comment       0x00000000000000de       0x39 /usr/lib/gcc/arm-none-eabi/4.9.3/../../../arm-none-eabi/lib/armv7-m/libnosys.a(sbrk.o)
 .comment       0x00000000000000de       0x39 /usr/lib/gcc/arm-none-eabi/4.9.3/armv7-m/crtend.o

.debug_info     0x0000000000000000    0x2045e
 .debug_info    0x0000000000000000     0x1133 build/stm32f1xx_hal_adc.o
 .debug_info    0x0000000000001133     0x13ad build/stm32f1xx_hal_tim_ex.o
 .debug_info    0x00000000000024e0      0xd1f build/stm32f1xx_hal_cortex.o
 .debug_info    0x00000000000031ff      0x65b build/stm32f1xx_hal_gpio.o
 .debug_info    0x000000000000385a      0x412 build/system_stm32f1xx.o
 .debug_info    0x0000000000003c6c     0x3096 build/stm32f1xx_hal_tim.o
 .debug_info    0x0000000000006d02      0xf95 build/stm32f1xx_it.o
 .debug_info    0x0000000000007c97     0x13f1 build/stm32f1xx_hal_rcc.o
 .debug_info    0x0000000000009088      0x68a build/stm32f1xx_hal_dma.o
 .debug_info    0x0000000000009712     0x1218 build/stm32f1xx_hal_uart.o
 .debug_info    0x000000000000a92a      0x7ab build/stm32f1xx_hal.o
 .debug_info    0x000000000000b0d5     0x2c35 build/stm32f1xx_hal_i2c.o
 .debug_info    0x000000000000dd0a      0x601 build/stm32f1xx_hal_rcc_ex.o
 .debug_info    0x000000000000e30b      0x353 build/stm32f1xx_hal_iwdg.o
 .debug_info    0x000000000000e65e      0xaeb build/ADC_L.o
 .debug_info    0x000000000000f149      0xbbe build/ADC_R.o
 .debug_info    0x000000000000fd07      0xe0d build/pid.o
 .debug_info    0x0000000000010b14     0x13ee build/motor_L.o
 .debug_info    0x0000000000011f02     0x1403 build/motor_R.o
 .debug_info    0x0000000000013305      0xa6e build/uart.o
 .debug_info    0x0000000000013d73      0xb05 build/varie.o
 .debug_info    0x0000000000014878      0x6dd build/telemetry.o
 .debug_info    0x0000000000014f55      0xca4 build/i2c.o
 .debug_info    0x0000000000015bf9      0x7f7 build/delay.o
 .debug_info    0x00000000000163f0      0xfdf build/application.o
 .debug_info    0x00000000000173cf     0x12ce build/main.o
 .debug_info    0x000000000001869d     0x1580 build/stm32f1xx_hal_msp.o
 .debug_info    0x0000000000019c1d       0x5b build/startup_stm32f103xe.o
 .debug_info    0x0000000000019c78      0x7d3 /usr/lib/gcc/arm-none-eabi/4.9.3/../../../arm-none-eabi/lib/armv7-m/libc_nano.a(lib_a-impure.o)
 .debug_info    0x000000000001a44b      0x105 /usr/lib/gcc/arm-none-eabi/4.9.3/../../../arm-none-eabi/lib/armv7-m/libc_nano.a(lib_a-init.o)
 .debug_info    0x000000000001a550       0xd3 /usr/lib/gcc/arm-none-eabi/4.9.3/../../../arm-none-eabi/lib/armv7-m/libc_nano.a(lib_a-memset.o)
 .debug_info    0x000000000001a623      0x89a /usr/lib/gcc/arm-none-eabi/4.9.3/../../../arm-none-eabi/lib/armv7-m/libc_nano.a(lib_a-sprintf.o)
 .debug_info    0x000000000001aebd       0xcd /usr/lib/gcc/arm-none-eabi/4.9.3/../../../arm-none-eabi/lib/armv7-m/libc_nano.a(lib_a-strlen.o)
 .debug_info    0x000000000001af8a      0xdf4 /usr/lib/gcc/arm-none-eabi/4.9.3/../../../arm-none-eabi/lib/armv7-m/libc_nano.a(lib_a-nano-svfprintf.o)
 .debug_info    0x000000000001bd7e      0xb5b /usr/lib/gcc/arm-none-eabi/4.9.3/../../../arm-none-eabi/lib/armv7-m/libc_nano.a(lib_a-nano-vfprintf_i.o)
 .debug_info    0x000000000001c8d9       0xf8 /usr/lib/gcc/arm-none-eabi/4.9.3/../../../arm-none-eabi/lib/armv7-m/libc_nano.a(lib_a-memchr.o)
 .debug_info    0x000000000001c9d1      0x104 /usr/lib/gcc/arm-none-eabi/4.9.3/../../../arm-none-eabi/lib/armv7-m/libc_nano.a(lib_a-memcpy.o)
 .debug_info    0x000000000001cad5      0x102 /usr/lib/gcc/arm-none-eabi/4.9.3/../../../arm-none-eabi/lib/armv7-m/libc_nano.a(lib_a-memmove.o)
 .debug_info    0x000000000001cbd7      0x81a /usr/lib/gcc/arm-none-eabi/4.9.3/../../../arm-none-eabi/lib/armv7-m/libc_nano.a(lib_a-nano-freer.o)
 .debug_info    0x000000000001d3f1      0x8fb /usr/lib/gcc/arm-none-eabi/4.9.3/../../../arm-none-eabi/lib/armv7-m/libc_nano.a(lib_a-nano-mallocr.o)
 .debug_info    0x000000000001dcec      0x8b5 /usr/lib/gcc/arm-none-eabi/4.9.3/../../../arm-none-eabi/lib/armv7-m/libc_nano.a(lib_a-nano-reallocr.o)
 .debug_info    0x000000000001e5a1      0x7a0 /usr/lib/gcc/arm-none-eabi/4.9.3/../../../arm-none-eabi/lib/armv7-m/libc_nano.a(lib_a-sbrkr.o)
 .debug_info    0x000000000001ed41      0x7b9 /usr/lib/gcc/arm-none-eabi/4.9.3/../../../arm-none-eabi/lib/armv7-m/libc_nano.a(lib_a-nano-msizer.o)
 .debug_info    0x000000000001f4fa      0x8fb /usr/lib/gcc/arm-none-eabi/4.9.3/../../../arm-none-eabi/lib/armv7-m/libc_nano.a(lib_a-reent.o)
 .debug_info    0x000000000001fdf5       0x99 /usr/lib/gcc/arm-none-eabi/4.9.3/../../../arm-none-eabi/lib/armv7-m/libnosys.a(sbrk.o)
 .debug_info    0x000000000001fe8e       0xba /usr/lib/gcc/arm-none-eabi/4.9.3/armv7-m/libgcc.a(_arm_addsubdf3.o)
 .debug_info    0x000000000001ff48       0xba /usr/lib/gcc/arm-none-eabi/4.9.3/armv7-m/libgcc.a(_arm_muldivdf3.o)
 .debug_info    0x0000000000020002       0xba /usr/lib/gcc/arm-none-eabi/4.9.3/armv7-m/libgcc.a(_arm_cmpdf2.o)
 .debug_info    0x00000000000200bc       0xba /usr/lib/gcc/arm-none-eabi/4.9.3/armv7-m/libgcc.a(_arm_fixunsdfsi.o)
 .debug_info    0x0000000000020176       0xba /usr/lib/gcc/arm-none-eabi/4.9.3/armv7-m/libgcc.a(_arm_truncdfsf2.o)
 .debug_info    0x0000000000020230       0xba /usr/lib/gcc/arm-none-eabi/4.9.3/armv7-m/libgcc.a(_arm_muldivsf3.o)
 .debug_info    0x00000000000202ea       0xba /usr/lib/gcc/arm-none-eabi/4.9.3/armv7-m/libgcc.a(_arm_cmpsf2.o)
 .debug_info    0x00000000000203a4       0xba /usr/lib/gcc/arm-none-eabi/4.9.3/armv7-m/libgcc.a(_arm_fixsfsi.o)

.debug_abbrev   0x0000000000000000     0x5303
 .debug_abbrev  0x0000000000000000      0x2ba build/stm32f1xx_hal_adc.o
 .debug_abbrev  0x00000000000002ba      0x261 build/stm32f1xx_hal_tim_ex.o
 .debug_abbrev  0x000000000000051b      0x2a3 build/stm32f1xx_hal_cortex.o
 .debug_abbrev  0x00000000000007be      0x200 build/stm32f1xx_hal_gpio.o
 .debug_abbrev  0x00000000000009be      0x122 build/system_stm32f1xx.o
 .debug_abbrev  0x0000000000000ae0      0x29b build/stm32f1xx_hal_tim.o
 .debug_abbrev  0x0000000000000d7b      0x221 build/stm32f1xx_it.o
 .debug_abbrev  0x0000000000000f9c      0x2f1 build/stm32f1xx_hal_rcc.o
 .debug_abbrev  0x000000000000128d      0x229 build/stm32f1xx_hal_dma.o
 .debug_abbrev  0x00000000000014b6      0x29f build/stm32f1xx_hal_uart.o
 .debug_abbrev  0x0000000000001755      0x257 build/stm32f1xx_hal.o
 .debug_abbrev  0x00000000000019ac      0x26b build/stm32f1xx_hal_i2c.o
 .debug_abbrev  0x0000000000001c17      0x21f build/stm32f1xx_hal_rcc_ex.o
 .debug_abbrev  0x0000000000001e36      0x1b9 build/stm32f1xx_hal_iwdg.o
 .debug_abbrev  0x0000000000001fef      0x20d build/ADC_L.o
 .debug_abbrev  0x00000000000021fc      0x20d build/ADC_R.o
 .debug_abbrev  0x0000000000002409      0x28e build/pid.o
 .debug_abbrev  0x0000000000002697      0x265 build/motor_L.o
 .debug_abbrev  0x00000000000028fc      0x265 build/motor_R.o
 .debug_abbrev  0x0000000000002b61      0x1f1 build/uart.o
 .debug_abbrev  0x0000000000002d52      0x1c8 build/varie.o
 .debug_abbrev  0x0000000000002f1a      0x198 build/telemetry.o
 .debug_abbrev  0x00000000000030b2      0x211 build/i2c.o
 .debug_abbrev  0x00000000000032c3      0x1d4 build/delay.o
 .debug_abbrev  0x0000000000003497      0x2a6 build/application.o
 .debug_abbrev  0x000000000000373d      0x2a2 build/main.o
 .debug_abbrev  0x00000000000039df      0x204 build/stm32f1xx_hal_msp.o
 .debug_abbrev  0x0000000000003be3       0x12 build/startup_stm32f103xe.o
 .debug_abbrev  0x0000000000003bf5      0x136 /usr/lib/gcc/arm-none-eabi/4.9.3/../../../arm-none-eabi/lib/armv7-m/libc_nano.a(lib_a-impure.o)
 .debug_abbrev  0x0000000000003d2b       0xba /usr/lib/gcc/arm-none-eabi/4.9.3/../../../arm-none-eabi/lib/armv7-m/libc_nano.a(lib_a-init.o)
 .debug_abbrev  0x0000000000003de5       0x8e /usr/lib/gcc/arm-none-eabi/4.9.3/../../../arm-none-eabi/lib/armv7-m/libc_nano.a(lib_a-memset.o)
 .debug_abbrev  0x0000000000003e73      0x1bd /usr/lib/gcc/arm-none-eabi/4.9.3/../../../arm-none-eabi/lib/armv7-m/libc_nano.a(lib_a-sprintf.o)
 .debug_abbrev  0x0000000000004030       0x8c /usr/lib/gcc/arm-none-eabi/4.9.3/../../../arm-none-eabi/lib/armv7-m/libc_nano.a(lib_a-strlen.o)
 .debug_abbrev  0x00000000000040bc      0x278 /usr/lib/gcc/arm-none-eabi/4.9.3/../../../arm-none-eabi/lib/armv7-m/libc_nano.a(lib_a-nano-svfprintf.o)
 .debug_abbrev  0x0000000000004334      0x1fb /usr/lib/gcc/arm-none-eabi/4.9.3/../../../arm-none-eabi/lib/armv7-m/libc_nano.a(lib_a-nano-vfprintf_i.o)
 .debug_abbrev  0x000000000000452f       0xab /usr/lib/gcc/arm-none-eabi/4.9.3/../../../arm-none-eabi/lib/armv7-m/libc_nano.a(lib_a-memchr.o)
 .debug_abbrev  0x00000000000045da       0xa4 /usr/lib/gcc/arm-none-eabi/4.9.3/../../../arm-none-eabi/lib/armv7-m/libc_nano.a(lib_a-memcpy.o)
 .debug_abbrev  0x000000000000467e       0x9c /usr/lib/gcc/arm-none-eabi/4.9.3/../../../arm-none-eabi/lib/armv7-m/libc_nano.a(lib_a-memmove.o)
 .debug_abbrev  0x000000000000471a      0x1b6 /usr/lib/gcc/arm-none-eabi/4.9.3/../../../arm-none-eabi/lib/armv7-m/libc_nano.a(lib_a-nano-freer.o)
 .debug_abbrev  0x00000000000048d0      0x250 /usr/lib/gcc/arm-none-eabi/4.9.3/../../../arm-none-eabi/lib/armv7-m/libc_nano.a(lib_a-nano-mallocr.o)
 .debug_abbrev  0x0000000000004b20      0x1cb /usr/lib/gcc/arm-none-eabi/4.9.3/../../../arm-none-eabi/lib/armv7-m/libc_nano.a(lib_a-nano-reallocr.o)
 .debug_abbrev  0x0000000000004ceb      0x1a2 /usr/lib/gcc/arm-none-eabi/4.9.3/../../../arm-none-eabi/lib/armv7-m/libc_nano.a(lib_a-sbrkr.o)
 .debug_abbrev  0x0000000000004e8d      0x161 /usr/lib/gcc/arm-none-eabi/4.9.3/../../../arm-none-eabi/lib/armv7-m/libc_nano.a(lib_a-nano-msizer.o)
 .debug_abbrev  0x0000000000004fee      0x1f2 /usr/lib/gcc/arm-none-eabi/4.9.3/../../../arm-none-eabi/lib/armv7-m/libc_nano.a(lib_a-reent.o)
 .debug_abbrev  0x00000000000051e0       0x83 /usr/lib/gcc/arm-none-eabi/4.9.3/../../../arm-none-eabi/lib/armv7-m/libnosys.a(sbrk.o)
 .debug_abbrev  0x0000000000005263       0x14 /usr/lib/gcc/arm-none-eabi/4.9.3/armv7-m/libgcc.a(_arm_addsubdf3.o)
 .debug_abbrev  0x0000000000005277       0x14 /usr/lib/gcc/arm-none-eabi/4.9.3/armv7-m/libgcc.a(_arm_muldivdf3.o)
 .debug_abbrev  0x000000000000528b       0x14 /usr/lib/gcc/arm-none-eabi/4.9.3/armv7-m/libgcc.a(_arm_cmpdf2.o)
 .debug_abbrev  0x000000000000529f       0x14 /usr/lib/gcc/arm-none-eabi/4.9.3/armv7-m/libgcc.a(_arm_fixunsdfsi.o)
 .debug_abbrev  0x00000000000052b3       0x14 /usr/lib/gcc/arm-none-eabi/4.9.3/armv7-m/libgcc.a(_arm_truncdfsf2.o)
 .debug_abbrev  0x00000000000052c7       0x14 /usr/lib/gcc/arm-none-eabi/4.9.3/armv7-m/libgcc.a(_arm_muldivsf3.o)
 .debug_abbrev  0x00000000000052db       0x14 /usr/lib/gcc/arm-none-eabi/4.9.3/armv7-m/libgcc.a(_arm_cmpsf2.o)
 .debug_abbrev  0x00000000000052ef       0x14 /usr/lib/gcc/arm-none-eabi/4.9.3/armv7-m/libgcc.a(_arm_fixsfsi.o)

.debug_loc      0x0000000000000000     0xfe60
 .debug_loc     0x0000000000000000      0xdca build/stm32f1xx_hal_adc.o
 .debug_loc     0x0000000000000dca     0x111b build/stm32f1xx_hal_tim_ex.o
 .debug_loc     0x0000000000001ee5      0x545 build/stm32f1xx_hal_cortex.o
 .debug_loc     0x000000000000242a      0x3e1 build/stm32f1xx_hal_gpio.o
 .debug_loc     0x000000000000280b       0xe4 build/system_stm32f1xx.o
 .debug_loc     0x00000000000028ef     0x3d94 build/stm32f1xx_hal_tim.o
 .debug_loc     0x0000000000006683      0x240 build/stm32f1xx_it.o
 .debug_loc     0x00000000000068c3      0xf72 build/stm32f1xx_hal_rcc.o
 .debug_loc     0x0000000000007835      0x528 build/stm32f1xx_hal_dma.o
 .debug_loc     0x0000000000007d5d     0x12d5 build/stm32f1xx_hal_uart.o
 .debug_loc     0x0000000000009032      0x115 build/stm32f1xx_hal.o
 .debug_loc     0x0000000000009147     0x33cf build/stm32f1xx_hal_i2c.o
 .debug_loc     0x000000000000c516      0x4d0 build/stm32f1xx_hal_rcc_ex.o
 .debug_loc     0x000000000000c9e6      0x16d build/stm32f1xx_hal_iwdg.o
 .debug_loc     0x000000000000cb53      0x11f build/ADC_L.o
 .debug_loc     0x000000000000cc72      0x19c build/ADC_R.o
 .debug_loc     0x000000000000ce0e      0x340 build/pid.o
 .debug_loc     0x000000000000d14e      0x1d3 build/motor_L.o
 .debug_loc     0x000000000000d321      0x1d3 build/motor_R.o
 .debug_loc     0x000000000000d4f4       0xd0 build/uart.o
 .debug_loc     0x000000000000d5c4      0x335 build/varie.o
 .debug_loc     0x000000000000d8f9       0x60 build/telemetry.o
 .debug_loc     0x000000000000d959       0xe7 build/i2c.o
 .debug_loc     0x000000000000da40      0x132 build/delay.o
 .debug_loc     0x000000000000db72      0xa0a build/application.o
 .debug_loc     0x000000000000e57c      0x14f build/main.o
 .debug_loc     0x000000000000e6cb      0x2e5 build/stm32f1xx_hal_msp.o
 .debug_loc     0x000000000000e9b0       0x48 /usr/lib/gcc/arm-none-eabi/4.9.3/../../../arm-none-eabi/lib/armv7-m/libc_nano.a(lib_a-init.o)
 .debug_loc     0x000000000000e9f8       0x49 /usr/lib/gcc/arm-none-eabi/4.9.3/../../../arm-none-eabi/lib/armv7-m/libc_nano.a(lib_a-memset.o)
 .debug_loc     0x000000000000ea41       0x95 /usr/lib/gcc/arm-none-eabi/4.9.3/../../../arm-none-eabi/lib/armv7-m/libc_nano.a(lib_a-sprintf.o)
 .debug_loc     0x000000000000ead6       0x21 /usr/lib/gcc/arm-none-eabi/4.9.3/../../../arm-none-eabi/lib/armv7-m/libc_nano.a(lib_a-strlen.o)
 .debug_loc     0x000000000000eaf7      0x53f /usr/lib/gcc/arm-none-eabi/4.9.3/../../../arm-none-eabi/lib/armv7-m/libc_nano.a(lib_a-nano-svfprintf.o)
 .debug_loc     0x000000000000f036      0x46d /usr/lib/gcc/arm-none-eabi/4.9.3/../../../arm-none-eabi/lib/armv7-m/libc_nano.a(lib_a-nano-vfprintf_i.o)
 .debug_loc     0x000000000000f4a3       0xaa /usr/lib/gcc/arm-none-eabi/4.9.3/../../../arm-none-eabi/lib/armv7-m/libc_nano.a(lib_a-memchr.o)
 .debug_loc     0x000000000000f54d       0x87 /usr/lib/gcc/arm-none-eabi/4.9.3/../../../arm-none-eabi/lib/armv7-m/libc_nano.a(lib_a-memcpy.o)
 .debug_loc     0x000000000000f5d4       0xde /usr/lib/gcc/arm-none-eabi/4.9.3/../../../arm-none-eabi/lib/armv7-m/libc_nano.a(lib_a-memmove.o)
 .debug_loc     0x000000000000f6b2      0x172 /usr/lib/gcc/arm-none-eabi/4.9.3/../../../arm-none-eabi/lib/armv7-m/libc_nano.a(lib_a-nano-freer.o)
 .debug_loc     0x000000000000f824      0x304 /usr/lib/gcc/arm-none-eabi/4.9.3/../../../arm-none-eabi/lib/armv7-m/libc_nano.a(lib_a-nano-mallocr.o)
 .debug_loc     0x000000000000fb28      0x11b /usr/lib/gcc/arm-none-eabi/4.9.3/../../../arm-none-eabi/lib/armv7-m/libc_nano.a(lib_a-nano-reallocr.o)
 .debug_loc     0x000000000000fc43       0x4d /usr/lib/gcc/arm-none-eabi/4.9.3/../../../arm-none-eabi/lib/armv7-m/libc_nano.a(lib_a-sbrkr.o)
 .debug_loc     0x000000000000fc90       0xb5 /usr/lib/gcc/arm-none-eabi/4.9.3/../../../arm-none-eabi/lib/armv7-m/libc_nano.a(lib_a-nano-msizer.o)
 .debug_loc     0x000000000000fd45       0xfa /usr/lib/gcc/arm-none-eabi/4.9.3/../../../arm-none-eabi/lib/armv7-m/libc_nano.a(lib_a-reent.o)
 .debug_loc     0x000000000000fe3f       0x21 /usr/lib/gcc/arm-none-eabi/4.9.3/../../../arm-none-eabi/lib/armv7-m/libnosys.a(sbrk.o)

.debug_aranges  0x0000000000000000     0x1608
 .debug_aranges
                0x0000000000000000       0xf0 build/stm32f1xx_hal_adc.o
 .debug_aranges
                0x00000000000000f0      0x138 build/stm32f1xx_hal_tim_ex.o
 .debug_aranges
                0x0000000000000228       0x90 build/stm32f1xx_hal_cortex.o
 .debug_aranges
                0x00000000000002b8       0x58 build/stm32f1xx_hal_gpio.o
 .debug_aranges
                0x0000000000000310       0x28 build/system_stm32f1xx.o
 .debug_aranges
                0x0000000000000338      0x368 build/stm32f1xx_hal_tim.o
 .debug_aranges
                0x00000000000006a0       0xd0 build/stm32f1xx_it.o
 .debug_aranges
                0x0000000000000770       0x88 build/stm32f1xx_hal_rcc.o
 .debug_aranges
                0x00000000000007f8       0x68 build/stm32f1xx_hal_dma.o
 .debug_aranges
                0x0000000000000860      0x150 build/stm32f1xx_hal_uart.o
 .debug_aranges
                0x00000000000009b0       0xb0 build/stm32f1xx_hal.o
 .debug_aranges
                0x0000000000000a60      0x218 build/stm32f1xx_hal_i2c.o
 .debug_aranges
                0x0000000000000c78       0x30 build/stm32f1xx_hal_rcc_ex.o
 .debug_aranges
                0x0000000000000ca8       0x40 build/stm32f1xx_hal_iwdg.o
 .debug_aranges
                0x0000000000000ce8       0x48 build/ADC_L.o
 .debug_aranges
                0x0000000000000d30       0x58 build/ADC_R.o
 .debug_aranges
                0x0000000000000d88       0x50 build/pid.o
 .debug_aranges
                0x0000000000000dd8       0xe0 build/motor_L.o
 .debug_aranges
                0x0000000000000eb8       0xe0 build/motor_R.o
 .debug_aranges
                0x0000000000000f98       0x50 build/uart.o
 .debug_aranges
                0x0000000000000fe8       0xa8 build/varie.o
 .debug_aranges
                0x0000000000001090       0x30 build/telemetry.o
 .debug_aranges
                0x00000000000010c0       0x50 build/i2c.o
 .debug_aranges
                0x0000000000001110       0x40 build/delay.o
 .debug_aranges
                0x0000000000001150       0xb8 build/application.o
 .debug_aranges
                0x0000000000001208       0x40 build/main.o
 .debug_aranges
                0x0000000000001248       0x58 build/stm32f1xx_hal_msp.o
 .debug_aranges
                0x00000000000012a0       0x28 build/startup_stm32f103xe.o
 .debug_aranges
                0x00000000000012c8       0x18 /usr/lib/gcc/arm-none-eabi/4.9.3/../../../arm-none-eabi/lib/armv7-m/libc_nano.a(lib_a-impure.o)
 .debug_aranges
                0x00000000000012e0       0x20 /usr/lib/gcc/arm-none-eabi/4.9.3/../../../arm-none-eabi/lib/armv7-m/libc_nano.a(lib_a-init.o)
 .debug_aranges
                0x0000000000001300       0x20 /usr/lib/gcc/arm-none-eabi/4.9.3/../../../arm-none-eabi/lib/armv7-m/libc_nano.a(lib_a-memset.o)
 .debug_aranges
                0x0000000000001320       0x28 /usr/lib/gcc/arm-none-eabi/4.9.3/../../../arm-none-eabi/lib/armv7-m/libc_nano.a(lib_a-sprintf.o)
 .debug_aranges
                0x0000000000001348       0x20 /usr/lib/gcc/arm-none-eabi/4.9.3/../../../arm-none-eabi/lib/armv7-m/libc_nano.a(lib_a-strlen.o)
 .debug_aranges
                0x0000000000001368       0x30 /usr/lib/gcc/arm-none-eabi/4.9.3/../../../arm-none-eabi/lib/armv7-m/libc_nano.a(lib_a-nano-svfprintf.o)
 .debug_aranges
                0x0000000000001398       0x28 /usr/lib/gcc/arm-none-eabi/4.9.3/../../../arm-none-eabi/lib/armv7-m/libc_nano.a(lib_a-nano-vfprintf_i.o)
 .debug_aranges
                0x00000000000013c0       0x20 /usr/lib/gcc/arm-none-eabi/4.9.3/../../../arm-none-eabi/lib/armv7-m/libc_nano.a(lib_a-memchr.o)
 .debug_aranges
                0x00000000000013e0       0x20 /usr/lib/gcc/arm-none-eabi/4.9.3/../../../arm-none-eabi/lib/armv7-m/libc_nano.a(lib_a-memcpy.o)
 .debug_aranges
                0x0000000000001400       0x20 /usr/lib/gcc/arm-none-eabi/4.9.3/../../../arm-none-eabi/lib/armv7-m/libc_nano.a(lib_a-memmove.o)
 .debug_aranges
                0x0000000000001420       0x20 /usr/lib/gcc/arm-none-eabi/4.9.3/../../../arm-none-eabi/lib/armv7-m/libc_nano.a(lib_a-nano-freer.o)
 .debug_aranges
                0x0000000000001440       0x20 /usr/lib/gcc/arm-none-eabi/4.9.3/../../../arm-none-eabi/lib/armv7-m/libc_nano.a(lib_a-nano-mallocr.o)
 .debug_aranges
                0x0000000000001460       0x20 /usr/lib/gcc/arm-none-eabi/4.9.3/../../../arm-none-eabi/lib/armv7-m/libc_nano.a(lib_a-nano-reallocr.o)
 .debug_aranges
                0x0000000000001480       0x20 /usr/lib/gcc/arm-none-eabi/4.9.3/../../../arm-none-eabi/lib/armv7-m/libc_nano.a(lib_a-sbrkr.o)
 .debug_aranges
                0x00000000000014a0       0x20 /usr/lib/gcc/arm-none-eabi/4.9.3/../../../arm-none-eabi/lib/armv7-m/libc_nano.a(lib_a-nano-msizer.o)
 .debug_aranges
                0x00000000000014c0       0x28 /usr/lib/gcc/arm-none-eabi/4.9.3/../../../arm-none-eabi/lib/armv7-m/libc_nano.a(lib_a-reent.o)
 .debug_aranges
                0x00000000000014e8       0x20 /usr/lib/gcc/arm-none-eabi/4.9.3/../../../arm-none-eabi/lib/armv7-m/libnosys.a(sbrk.o)
 .debug_aranges
                0x0000000000001508       0x20 /usr/lib/gcc/arm-none-eabi/4.9.3/armv7-m/libgcc.a(_arm_addsubdf3.o)
 .debug_aranges
                0x0000000000001528       0x20 /usr/lib/gcc/arm-none-eabi/4.9.3/armv7-m/libgcc.a(_arm_muldivdf3.o)
 .debug_aranges
                0x0000000000001548       0x20 /usr/lib/gcc/arm-none-eabi/4.9.3/armv7-m/libgcc.a(_arm_cmpdf2.o)
 .debug_aranges
                0x0000000000001568       0x20 /usr/lib/gcc/arm-none-eabi/4.9.3/armv7-m/libgcc.a(_arm_fixunsdfsi.o)
 .debug_aranges
                0x0000000000001588       0x20 /usr/lib/gcc/arm-none-eabi/4.9.3/armv7-m/libgcc.a(_arm_truncdfsf2.o)
 .debug_aranges
                0x00000000000015a8       0x20 /usr/lib/gcc/arm-none-eabi/4.9.3/armv7-m/libgcc.a(_arm_muldivsf3.o)
 .debug_aranges
                0x00000000000015c8       0x20 /usr/lib/gcc/arm-none-eabi/4.9.3/armv7-m/libgcc.a(_arm_cmpsf2.o)
 .debug_aranges
                0x00000000000015e8       0x20 /usr/lib/gcc/arm-none-eabi/4.9.3/armv7-m/libgcc.a(_arm_fixsfsi.o)

.debug_ranges   0x0000000000000000     0x12f8
 .debug_ranges  0x0000000000000000       0xe0 build/stm32f1xx_hal_adc.o
 .debug_ranges  0x00000000000000e0      0x128 build/stm32f1xx_hal_tim_ex.o
 .debug_ranges  0x0000000000000208       0x80 build/stm32f1xx_hal_cortex.o
 .debug_ranges  0x0000000000000288       0x48 build/stm32f1xx_hal_gpio.o
 .debug_ranges  0x00000000000002d0       0x18 build/system_stm32f1xx.o
 .debug_ranges  0x00000000000002e8      0x358 build/stm32f1xx_hal_tim.o
 .debug_ranges  0x0000000000000640       0xc0 build/stm32f1xx_it.o
 .debug_ranges  0x0000000000000700       0x78 build/stm32f1xx_hal_rcc.o
 .debug_ranges  0x0000000000000778       0x58 build/stm32f1xx_hal_dma.o
 .debug_ranges  0x00000000000007d0      0x140 build/stm32f1xx_hal_uart.o
 .debug_ranges  0x0000000000000910       0xa0 build/stm32f1xx_hal.o
 .debug_ranges  0x00000000000009b0      0x208 build/stm32f1xx_hal_i2c.o
 .debug_ranges  0x0000000000000bb8       0x20 build/stm32f1xx_hal_rcc_ex.o
 .debug_ranges  0x0000000000000bd8       0x30 build/stm32f1xx_hal_iwdg.o
 .debug_ranges  0x0000000000000c08       0x38 build/ADC_L.o
 .debug_ranges  0x0000000000000c40       0x48 build/ADC_R.o
 .debug_ranges  0x0000000000000c88       0x40 build/pid.o
 .debug_ranges  0x0000000000000cc8       0xd0 build/motor_L.o
 .debug_ranges  0x0000000000000d98       0xd0 build/motor_R.o
 .debug_ranges  0x0000000000000e68       0x40 build/uart.o
 .debug_ranges  0x0000000000000ea8       0xb0 build/varie.o
 .debug_ranges  0x0000000000000f58       0x20 build/telemetry.o
 .debug_ranges  0x0000000000000f78       0x40 build/i2c.o
 .debug_ranges  0x0000000000000fb8       0x30 build/delay.o
 .debug_ranges  0x0000000000000fe8       0xa8 build/application.o
 .debug_ranges  0x0000000000001090       0x30 build/main.o
 .debug_ranges  0x00000000000010c0       0x48 build/stm32f1xx_hal_msp.o
 .debug_ranges  0x0000000000001108       0x20 build/startup_stm32f103xe.o
 .debug_ranges  0x0000000000001128       0x10 /usr/lib/gcc/arm-none-eabi/4.9.3/../../../arm-none-eabi/lib/armv7-m/libc_nano.a(lib_a-init.o)
 .debug_ranges  0x0000000000001138       0x10 /usr/lib/gcc/arm-none-eabi/4.9.3/../../../arm-none-eabi/lib/armv7-m/libc_nano.a(lib_a-memset.o)
 .debug_ranges  0x0000000000001148       0x18 /usr/lib/gcc/arm-none-eabi/4.9.3/../../../arm-none-eabi/lib/armv7-m/libc_nano.a(lib_a-sprintf.o)
 .debug_ranges  0x0000000000001160       0x10 /usr/lib/gcc/arm-none-eabi/4.9.3/../../../arm-none-eabi/lib/armv7-m/libc_nano.a(lib_a-strlen.o)
 .debug_ranges  0x0000000000001170       0x50 /usr/lib/gcc/arm-none-eabi/4.9.3/../../../arm-none-eabi/lib/armv7-m/libc_nano.a(lib_a-nano-svfprintf.o)
 .debug_ranges  0x00000000000011c0       0x60 /usr/lib/gcc/arm-none-eabi/4.9.3/../../../arm-none-eabi/lib/armv7-m/libc_nano.a(lib_a-nano-vfprintf_i.o)
 .debug_ranges  0x0000000000001220       0x10 /usr/lib/gcc/arm-none-eabi/4.9.3/../../../arm-none-eabi/lib/armv7-m/libc_nano.a(lib_a-memchr.o)
 .debug_ranges  0x0000000000001230       0x10 /usr/lib/gcc/arm-none-eabi/4.9.3/../../../arm-none-eabi/lib/armv7-m/libc_nano.a(lib_a-memcpy.o)
 .debug_ranges  0x0000000000001240       0x10 /usr/lib/gcc/arm-none-eabi/4.9.3/../../../arm-none-eabi/lib/armv7-m/libc_nano.a(lib_a-memmove.o)
 .debug_ranges  0x0000000000001250       0x28 /usr/lib/gcc/arm-none-eabi/4.9.3/../../../arm-none-eabi/lib/armv7-m/libc_nano.a(lib_a-nano-freer.o)
 .debug_ranges  0x0000000000001278       0x28 /usr/lib/gcc/arm-none-eabi/4.9.3/../../../arm-none-eabi/lib/armv7-m/libc_nano.a(lib_a-nano-mallocr.o)
 .debug_ranges  0x00000000000012a0       0x10 /usr/lib/gcc/arm-none-eabi/4.9.3/../../../arm-none-eabi/lib/armv7-m/libc_nano.a(lib_a-nano-reallocr.o)
 .debug_ranges  0x00000000000012b0       0x10 /usr/lib/gcc/arm-none-eabi/4.9.3/../../../arm-none-eabi/lib/armv7-m/libc_nano.a(lib_a-sbrkr.o)
 .debug_ranges  0x00000000000012c0       0x10 /usr/lib/gcc/arm-none-eabi/4.9.3/../../../arm-none-eabi/lib/armv7-m/libc_nano.a(lib_a-nano-msizer.o)
 .debug_ranges  0x00000000000012d0       0x18 /usr/lib/gcc/arm-none-eabi/4.9.3/../../../arm-none-eabi/lib/armv7-m/libc_nano.a(lib_a-reent.o)
 .debug_ranges  0x00000000000012e8       0x10 /usr/lib/gcc/arm-none-eabi/4.9.3/../../../arm-none-eabi/lib/armv7-m/libnosys.a(sbrk.o)

.debug_line     0x0000000000000000     0xa5c5
 .debug_line    0x0000000000000000      0x776 build/stm32f1xx_hal_adc.o
 .debug_line    0x0000000000000776      0x73f build/stm32f1xx_hal_tim_ex.o
 .debug_line    0x0000000000000eb5      0x2bb build/stm32f1xx_hal_cortex.o
 .debug_line    0x0000000000001170      0x30a build/stm32f1xx_hal_gpio.o
 .debug_line    0x000000000000147a      0x142 build/system_stm32f1xx.o
 .debug_line    0x00000000000015bc     0x1153 build/stm32f1xx_hal_tim.o
 .debug_line    0x000000000000270f      0x416 build/stm32f1xx_it.o
 .debug_line    0x0000000000002b25      0x6ad build/stm32f1xx_hal_rcc.o
 .debug_line    0x00000000000031d2      0xa08 build/stm32f1xx_hal_dma.o
 .debug_line    0x0000000000003bda      0x80a build/stm32f1xx_hal_uart.o
 .debug_line    0x00000000000043e4      0x2e9 build/stm32f1xx_hal.o
 .debug_line    0x00000000000046cd     0x1188 build/stm32f1xx_hal_i2c.o
 .debug_line    0x0000000000005855      0x2c6 build/stm32f1xx_hal_rcc_ex.o
 .debug_line    0x0000000000005b1b      0x240 build/stm32f1xx_hal_iwdg.o
 .debug_line    0x0000000000005d5b      0x266 build/ADC_L.o
 .debug_line    0x0000000000005fc1      0x294 build/ADC_R.o
 .debug_line    0x0000000000006255      0x26b build/pid.o
 .debug_line    0x00000000000064c0      0x4ab build/motor_L.o
 .debug_line    0x000000000000696b      0x4ae build/motor_R.o
 .debug_line    0x0000000000006e19      0x2a2 build/uart.o
 .debug_line    0x00000000000070bb      0x3d0 build/varie.o
 .debug_line    0x000000000000748b      0x1fd build/telemetry.o
 .debug_line    0x0000000000007688      0x2ce build/i2c.o
 .debug_line    0x0000000000007956      0x1d1 build/delay.o
 .debug_line    0x0000000000007b27      0x542 build/application.o
 .debug_line    0x0000000000008069      0x3d0 build/main.o
 .debug_line    0x0000000000008439      0x338 build/stm32f1xx_hal_msp.o
 .debug_line    0x0000000000008771       0x72 build/startup_stm32f103xe.o
 .debug_line    0x00000000000087e3       0xf1 /usr/lib/gcc/arm-none-eabi/4.9.3/../../../arm-none-eabi/lib/armv7-m/libc_nano.a(lib_a-impure.o)
 .debug_line    0x00000000000088d4       0xb7 /usr/lib/gcc/arm-none-eabi/4.9.3/../../../arm-none-eabi/lib/armv7-m/libc_nano.a(lib_a-init.o)
 .debug_line    0x000000000000898b       0xee /usr/lib/gcc/arm-none-eabi/4.9.3/../../../arm-none-eabi/lib/armv7-m/libc_nano.a(lib_a-memset.o)
 .debug_line    0x0000000000008a79      0x1b1 /usr/lib/gcc/arm-none-eabi/4.9.3/../../../arm-none-eabi/lib/armv7-m/libc_nano.a(lib_a-sprintf.o)
 .debug_line    0x0000000000008c2a       0xf5 /usr/lib/gcc/arm-none-eabi/4.9.3/../../../arm-none-eabi/lib/armv7-m/libc_nano.a(lib_a-strlen.o)
 .debug_line    0x0000000000008d1f      0x2e7 /usr/lib/gcc/arm-none-eabi/4.9.3/../../../arm-none-eabi/lib/armv7-m/libc_nano.a(lib_a-nano-svfprintf.o)
 .debug_line    0x0000000000009006      0x305 /usr/lib/gcc/arm-none-eabi/4.9.3/../../../arm-none-eabi/lib/armv7-m/libc_nano.a(lib_a-nano-vfprintf_i.o)